Archive member included to satisfy reference by file (symbol)

/opt/st/stm32cubeide_1.19.0/plugins/com.st.stm32cube.ide.mcu.externaltools.gnu-tools-for-stm32.13.3.rel1.linux64_1.0.0.202410170706/tools/bin/../lib/gcc/arm-none-eabi/13.3.1/../../../../arm-none-eabi/lib/thumb/v7e-m+dp/hard/libc_nano.a(libc_a-exit.o)
                              /opt/st/stm32cubeide_1.19.0/plugins/com.st.stm32cube.ide.mcu.externaltools.gnu-tools-for-stm32.13.3.rel1.linux64_1.0.0.202410170706/tools/bin/../lib/gcc/arm-none-eabi/13.3.1/../../../../arm-none-eabi/lib/thumb/v7e-m+dp/hard/crt0.o (exit)
/opt/st/stm32cubeide_1.19.0/plugins/com.st.stm32cube.ide.mcu.externaltools.gnu-tools-for-stm32.13.3.rel1.linux64_1.0.0.202410170706/tools/bin/../lib/gcc/arm-none-eabi/13.3.1/../../../../arm-none-eabi/lib/thumb/v7e-m+dp/hard/libc_nano.a(libc_a-nano-vfprintf_float.o)
                              (_printf_float)
/opt/st/stm32cubeide_1.19.0/plugins/com.st.stm32cube.ide.mcu.externaltools.gnu-tools-for-stm32.13.3.rel1.linux64_1.0.0.202410170706/tools/bin/../lib/gcc/arm-none-eabi/13.3.1/../../../../arm-none-eabi/lib/thumb/v7e-m+dp/hard/libc_nano.a(libc_a-nano-vfprintf_i.o)
                              /opt/st/stm32cubeide_1.19.0/plugins/com.st.stm32cube.ide.mcu.externaltools.gnu-tools-for-stm32.13.3.rel1.linux64_1.0.0.202410170706/tools/bin/../lib/gcc/arm-none-eabi/13.3.1/../../../../arm-none-eabi/lib/thumb/v7e-m+dp/hard/libc_nano.a(libc_a-nano-vfprintf_float.o) (_printf_common)
/opt/st/stm32cubeide_1.19.0/plugins/com.st.stm32cube.ide.mcu.externaltools.gnu-tools-for-stm32.13.3.rel1.linux64_1.0.0.202410170706/tools/bin/../lib/gcc/arm-none-eabi/13.3.1/../../../../arm-none-eabi/lib/thumb/v7e-m+dp/hard/libc_nano.a(libc_a-findfp.o)
                              /opt/st/stm32cubeide_1.19.0/plugins/com.st.stm32cube.ide.mcu.externaltools.gnu-tools-for-stm32.13.3.rel1.linux64_1.0.0.202410170706/tools/bin/../lib/gcc/arm-none-eabi/13.3.1/../../../../arm-none-eabi/lib/thumb/v7e-m+dp/hard/libc_nano.a(libc_a-exit.o) (__stdio_exit_handler)
/opt/st/stm32cubeide_1.19.0/plugins/com.st.stm32cube.ide.mcu.externaltools.gnu-tools-for-stm32.13.3.rel1.linux64_1.0.0.202410170706/tools/bin/../lib/gcc/arm-none-eabi/13.3.1/../../../../arm-none-eabi/lib/thumb/v7e-m+dp/hard/libc_nano.a(libc_a-fwalk.o)
                              /opt/st/stm32cubeide_1.19.0/plugins/com.st.stm32cube.ide.mcu.externaltools.gnu-tools-for-stm32.13.3.rel1.linux64_1.0.0.202410170706/tools/bin/../lib/gcc/arm-none-eabi/13.3.1/../../../../arm-none-eabi/lib/thumb/v7e-m+dp/hard/libc_nano.a(libc_a-findfp.o) (_fwalk_sglue)
/opt/st/stm32cubeide_1.19.0/plugins/com.st.stm32cube.ide.mcu.externaltools.gnu-tools-for-stm32.13.3.rel1.linux64_1.0.0.202410170706/tools/bin/../lib/gcc/arm-none-eabi/13.3.1/../../../../arm-none-eabi/lib/thumb/v7e-m+dp/hard/libc_nano.a(libc_a-printf.o)
                              ./Core/CMD/cmd.o (printf)
/opt/st/stm32cubeide_1.19.0/plugins/com.st.stm32cube.ide.mcu.externaltools.gnu-tools-for-stm32.13.3.rel1.linux64_1.0.0.202410170706/tools/bin/../lib/gcc/arm-none-eabi/13.3.1/../../../../arm-none-eabi/lib/thumb/v7e-m+dp/hard/libc_nano.a(libc_a-putchar.o)
                              ./Core/Src/main.o (putchar)
/opt/st/stm32cubeide_1.19.0/plugins/com.st.stm32cube.ide.mcu.externaltools.gnu-tools-for-stm32.13.3.rel1.linux64_1.0.0.202410170706/tools/bin/../lib/gcc/arm-none-eabi/13.3.1/../../../../arm-none-eabi/lib/thumb/v7e-m+dp/hard/libc_nano.a(libc_a-puts.o)
                              ./Core/CMD/cmd.o (puts)
/opt/st/stm32cubeide_1.19.0/plugins/com.st.stm32cube.ide.mcu.externaltools.gnu-tools-for-stm32.13.3.rel1.linux64_1.0.0.202410170706/tools/bin/../lib/gcc/arm-none-eabi/13.3.1/../../../../arm-none-eabi/lib/thumb/v7e-m+dp/hard/libc_nano.a(libc_a-snprintf.o)
                              ./Core/HMC5883L/hmc5883l.o (snprintf)
/opt/st/stm32cubeide_1.19.0/plugins/com.st.stm32cube.ide.mcu.externaltools.gnu-tools-for-stm32.13.3.rel1.linux64_1.0.0.202410170706/tools/bin/../lib/gcc/arm-none-eabi/13.3.1/../../../../arm-none-eabi/lib/thumb/v7e-m+dp/hard/libc_nano.a(libc_a-sscanf.o)
                              ./Core/CMD/cmd.o (sscanf)
/opt/st/stm32cubeide_1.19.0/plugins/com.st.stm32cube.ide.mcu.externaltools.gnu-tools-for-stm32.13.3.rel1.linux64_1.0.0.202410170706/tools/bin/../lib/gcc/arm-none-eabi/13.3.1/../../../../arm-none-eabi/lib/thumb/v7e-m+dp/hard/libc_nano.a(libc_a-stdio.o)
                              /opt/st/stm32cubeide_1.19.0/plugins/com.st.stm32cube.ide.mcu.externaltools.gnu-tools-for-stm32.13.3.rel1.linux64_1.0.0.202410170706/tools/bin/../lib/gcc/arm-none-eabi/13.3.1/../../../../arm-none-eabi/lib/thumb/v7e-m+dp/hard/libc_nano.a(libc_a-findfp.o) (__sread)
/opt/st/stm32cubeide_1.19.0/plugins/com.st.stm32cube.ide.mcu.externaltools.gnu-tools-for-stm32.13.3.rel1.linux64_1.0.0.202410170706/tools/bin/../lib/gcc/arm-none-eabi/13.3.1/../../../../arm-none-eabi/lib/thumb/v7e-m+dp/hard/libc_nano.a(libc_a-wbuf.o)
[...]
Memory Configuration

Name             Origin             Length             Attributes
ITCMRAM          0x00000000         0x00010000         xrw
DTCMRAM          0x20000000         0x00020000         xrw
FLASH            0x08000000         0x00100000         xr
RAM_D1           0x24000000         0x00050000         xrw
RAM_D2           0x30000000         0x00008000         xrw
RAM_D3           0x38000000         0x00004000         xrw
*default*        0x00000000         0xffffffff

Linker script and memory map

LOAD /opt/st/stm32cubeide_1.19.0/plugins/com.st.stm32cube.ide.mcu.externaltools.gnu-tools-for-stm32.13.3.rel1.linux64_1.0.0.202410170706/tools/bin/../lib/gcc/arm-none-eabi/13.3.1/thumb/v7e-m+dp/hard/crti.o
LOAD /opt/st/stm32cubeide_1.19.0/plugins/com.st.stm32cube.ide.mcu.externaltools.gnu-tools-for-stm32.13.3.rel1.linux64_1.0.0.202410170706/tools/bin/../lib/gcc/arm-none-eabi/13.3.1/thumb/v7e-m+dp/hard/crtbegin.o
LOAD /opt/st/stm32cubeide_1.19.0/plugins/com.st.stm32cube.ide.mcu.externaltools.gnu-tools-for-stm32.13.3.rel1.linux64_1.0.0.202410170706/tools/bin/../lib/gcc/arm-none-eabi/13.3.1/../../../../arm-none-eabi/lib/thumb/v7e-m+dp/hard/crt0.o
LOAD ./Core/BUZZER/buzzer.o
LOAD ./Core/CMD/cmd.o
LOAD ./Core/EEPROM/eeprom.o
LOAD ./Core/HMC5883L/hmc5883l.o
LOAD ./Core/IMU/ICM42688P/icm42688p.o
LOAD ./Core/LED/MAIN_BOARD_RGB/ws2812.o
LOAD ./Core/RECEIVER/FS-iA6B/FS-iA6B.o
LOAD ./Core/Src/dma.o
LOAD ./Core/Src/dshot.o
LOAD ./Core/Src/gpio.o
LOAD ./Core/Src/i2c.o
LOAD ./Core/Src/main.o
LOAD ./Core/Src/octospi.o
LOAD ./Core/Src/spi.o
LOAD ./Core/Src/stm32h7xx_hal_msp.o
LOAD ./Core/Src/stm32h7xx_it.o
LOAD ./Core/Src/syscalls.o
LOAD ./Core/Src/sysmem.o
LOAD ./Core/Src/system_stm32h7xx.o
LOAD ./Core/Src/tim.o
LOAD ./Core/Src/usart.o
LOAD ./Core/Startup/startup_stm32h723vgtx.o
LOAD ./Core/W25QXX_OPSI/w25qxx_ospi.o
LOAD ./Drivers/STM32H7xx_HAL_Driver/Src/stm32h7xx_hal.o
LOAD ./Drivers/STM32H7xx_HAL_Driver/Src/stm32h7xx_hal_cortex.o
LOAD ./Drivers/STM32H7xx_HAL_Driver/Src/stm32h7xx_hal_dma.o
LOAD ./Drivers/STM32H7xx_HAL_Driver/Src/stm32h7xx_hal_dma_ex.o
LOAD ./Drivers/STM32H7xx_HAL_Driver/Src/stm32h7xx_hal_exti.o
LOAD ./Drivers/STM32H7xx_HAL_Driver/Src/stm32h7xx_hal_flash.o
LOAD ./Drivers/STM32H7xx_HAL_Driver/Src/stm32h7xx_hal_flash_ex.o
LOAD ./Drivers/STM32H7xx_HAL_Driver/Src/stm32h7xx_hal_gpio.o
LOAD ./Drivers/STM32H7xx_HAL_Driver/Src/stm32h7xx_hal_hsem.o
LOAD ./Drivers/STM32H7xx_HAL_Driver/Src/stm32h7xx_hal_i2c.o
LOAD ./Drivers/STM32H7xx_HAL_Driver/Src/stm32h7xx_hal_i2c_ex.o
LOAD ./Drivers/STM32H7xx_HAL_Driver/Src/stm32h7xx_hal_mdma.o
LOAD ./Drivers/STM32H7xx_HAL_Driver/Src/stm32h7xx_hal_ospi.o
LOAD ./Drivers/STM32H7xx_HAL_Driver/Src/stm32h7xx_hal_pwr.o
LOAD ./Drivers/STM32H7xx_HAL_Driver/Src/stm32h7xx_hal_pwr_ex.o
LOAD ./Drivers/STM32H7xx_HAL_Driver/Src/stm32h7xx_hal_rcc.o
LOAD ./Drivers/STM32H7xx_HAL_Driver/Src/stm32h7xx_hal_rcc_ex.o
LOAD ./Drivers/STM32H7xx_HAL_Driver/Src/stm32h7xx_hal_tim.o
LOAD ./Drivers/STM32H7xx_HAL_Driver/Src/stm32h7xx_hal_tim_ex.o
LOAD ./Drivers/STM32H7xx_HAL_Driver/Src/stm32h7xx_ll_dma.o
LOAD ./Drivers/STM32H7xx_HAL_Driver/Src/stm32h7xx_ll_exti.o
LOAD ./Drivers/STM32H7xx_HAL_Driver/Src/stm32h7xx_ll_gpio.o
LOAD ./Drivers/STM32H7xx_HAL_Driver/Src/stm32h7xx_ll_rcc.o
LOAD ./Drivers/STM32H7xx_HAL_Driver/Src/stm32h7xx_ll_spi.o
LOAD ./Drivers/STM32H7xx_HAL_Driver/Src/stm32h7xx_ll_tim.o
LOAD ./Drivers/STM32H7xx_HAL_Driver/Src/stm32h7xx_ll_usart.o
LOAD ./Drivers/STM32H7xx_HAL_Driver/Src/stm32h7xx_ll_utils.o
START GROUP
LOAD /opt/st/stm32cubeide_1.19.0/plugins/com.st.stm32cube.ide.mcu.externaltools.gnu-tools-for-stm32.13.3.rel1.linux64_1.0.0.202410170706/tools/bin/../lib/gcc/arm-none-eabi/13.3.1/../../../../arm-none-eabi/lib/thumb/v7e-m+dp/hard/libc_nano.a
LOAD /opt/st/stm32cubeide_1.19.0/plugins/com.st.stm32cube.ide.mcu.externaltools.gnu-tools-for-stm32.13.3.rel1.linux64_1.0.0.202410170706/tools/bin/../lib/gcc/arm-none-eabi/13.3.1/../../../../arm-none-eabi/lib/thumb/v7e-m+dp/hard/libm.a
END GROUP
START GROUP
LOAD /opt/st/stm32cubeide_1.19.0/plugins/com.st.stm32cube.ide.mcu.externaltools.gnu-tools-for-stm32.13.3.rel1.linux64_1.0.0.202410170706/tools/bin/../lib/gcc/arm-none-eabi/13.3.1/thumb/v7e-m+dp/hard/libgcc.a
LOAD /opt/st/stm32cubeide_1.19.0/plugins/com.st.stm32cube.ide.mcu.externaltools.gnu-tools-for-stm32.13.3.rel1.linux64_1.0.0.202410170706/tools/bin/../lib/gcc/arm-none-eabi/13.3.1/../../../../arm-none-eabi/lib/thumb/v7e-m+dp/hard/libc_nano.a
END GROUP
START GROUP
LOAD /opt/st/stm32cubeide_1.19.0/plugins/com.st.stm32cube.ide.mcu.externaltools.gnu-tools-for-stm32.13.3.rel1.linux64_1.0.0.202410170706/tools/bin/../lib/gcc/arm-none-eabi/13.3.1/thumb/v7e-m+dp/hard/libgcc.a
LOAD /opt/st/stm32cubeide_1.19.0/plugins/com.st.stm32cube.ide.mcu.externaltools.gnu-tools-for-stm32.13.3.rel1.linux64_1.0.0.202410170706/tools/bin/../lib/gcc/arm-none-eabi/13.3.1/../../../../arm-none-eabi/lib/thumb/v7e-m+dp/hard/libc_nano.a
LOAD /opt/st/stm32cubeide_1.19.0/plugins/com.st.stm32cube.ide.mcu.externaltools.gnu-tools-for-stm32.13.3.rel1.linux64_1.0.0.202410170706/tools/bin/../lib/gcc/arm-none-eabi/13.3.1/../../../../arm-none-eabi/lib/thumb/v7e-m+dp/hard/libnosys.a
END GROUP
START GROUP
LOAD /opt/st/stm32cubeide_1.19.0/plugins/com.st.stm32cube.ide.mcu.externaltools.gnu-tools-for-stm32.13.3.rel1.linux64_1.0.0.202410170706/tools/bin/../lib/gcc/arm-none-eabi/13.3.1/thumb/v7e-m+dp/hard/libgcc.a
LOAD /opt/st/stm32cubeide_1.19.0/plugins/com.st.stm32cube.ide.mcu.externaltools.gnu-tools-for-stm32.13.3.rel1.linux64_1.0.0.202410170706/tools/bin/../lib/gcc/arm-none-eabi/13.3.1/../../../../arm-none-eabi/lib/thumb/v7e-m+dp/hard/libc_nano.a
LOAD /opt/st/stm32cubeide_1.19.0/plugins/com.st.stm32cube.ide.mcu.externaltools.gnu-tools-for-stm32.13.3.rel1.linux64_1.0.0.202410170706/tools/bin/../lib/gcc/arm-none-eabi/13.3.1/../../../../arm-none-eabi/lib/thumb/v7e-m+dp/hard/libnosys.a
END GROUP
LOAD /opt/st/stm32cubeide_1.19.0/plugins/com.st.stm32cube.ide.mcu.externaltools.gnu-tools-for-stm32.13.3.rel1.linux64_1.0.0.202410170706/tools/bin/../lib/gcc/arm-none-eabi/13.3.1/thumb/v7e-m+dp/hard/crtend.o
LOAD /opt/st/stm32cubeide_1.19.0/plugins/com.st.stm32cube.ide.mcu.externaltools.gnu-tools-for-stm32.13.3.rel1.linux64_1.0.0.202410170706/tools/bin/../lib/gcc/arm-none-eabi/13.3.1/thumb/v7e-m+dp/hard/crtn.o
                0x24050000                        _estack = (ORIGIN (RAM_D1) + LENGTH (RAM_D1))
                0x00000200                        _Min_Heap_Size = 0x200
                0x00000400                        _Min_Stack_Size = 0x400

.isr_vector     0x08000000      0x2cc
                0x08000000                        . = ALIGN (0x4)
 *(.isr_vector)
 .isr_vector    0x08000000      0x2cc ./Core/Startup/startup_stm32h723vgtx.o
                0x08000000                g_pfnVectors
                0x080002cc                        . = ALIGN (0x4)

.text           0x080002d0    0x13444
                0x080002d0                        . = ALIGN (0x4)
 *(.text)
 .text          0x080002d0       0x40 /opt/st/stm32cubeide_1.19.0/plugins/com.st.stm32cube.ide.mcu.externaltools.gnu-tools-for-stm32.13.3.rel1.linux64_1.0.0.202410170706/tools/bin/../lib/gcc/arm-none-eabi/13.3.1/thumb/v7e-m+dp/hard/crtbegin.o
 .text          0x08000310       0x14 /opt/st/stm32cubeide_1.19.0/plugins/com.st.stm32cube.ide.mcu.externaltools.gnu-tools-for-stm32.13.3.rel1.linux64_1.0.0.202410170706/tools/bin/../lib/gcc/arm-none-eabi/13.3.1/../../../../arm-none-eabi/lib/thumb/v7e-m+dp/hard/libc_nano.a(libc_a-strcmp.o)
                0x08000310                strcmp
 *fill*         0x08000324        0xc 
 .text          0x08000330       0xa0 /opt/st/stm32cubeide_1.19.0/plugins/com.st.stm32cube.ide.mcu.externaltools.gnu-tools-for-stm32.13.3.rel1.linux64_1.0.0.202410170706/tools/bin/../lib/gcc/arm-none-eabi/13.3.1/../../../../arm-none-eabi/lib/thumb/v7e-m+dp/hard/libc_nano.a(libc_a-memchr.o)
                0x08000330                memchr
 .text          0x080003d0       0x10 /opt/st/stm32cubeide_1.19.0/plugins/com.st.stm32cube.ide.mcu.externaltools.gnu-tools-for-stm32.13.3.rel1.linux64_1.0.0.202410170706/tools/bin/../lib/gcc/arm-none-eabi/13.3.1/../../../../arm-none-eabi/lib/thumb/v7e-m+dp/hard/libc_nano.a(libc_a-strlen.o)
                0x080003d0                strlen
 *(.text*)
 .text.LL_TIM_EnableCounter
                0x080003e0       0x20 ./Core/BUZZER/buzzer.o
 .text.LL_TIM_CC_EnableChannel
                0x08000400       0x22 ./Core/BUZZER/buzzer.o
 .text.LL_TIM_CC_DisableChannel
                0x08000422       0x24 ./Core/BUZZER/buzzer.o
 *fill*         0x08000446        0x2 
 .text.Buzzer_On
                0x08000448       0x50 ./Core/BUZZER/buzzer.o
                0x08000448                Buzzer_On
 .text.Buzzer_Off
                0x08000498       0x12 ./Core/BUZZER/buzzer.o
                0x08000498                Buzzer_Off
 *fill*         0x080004aa        0x2 
 .text.__NVIC_SystemReset
                0x080004ac       0x2c ./Core/CMD/cmd.o
 .text.LL_USART_IsActiveFlag_TC
                0x080004d8       0x26 ./Core/CMD/cmd.o
 *fill*         0x080004fe        0x2 
 .text.is_cmd_mode
                0x08000500       0x18 ./Core/CMD/cmd.o
                0x08000500                is_cmd_mode
 .text.strip_brackets
                0x08000518       0x44 ./Core/CMD/cmd.o
                0x08000518                strip_brackets
 .text.process_command
                0x0800055c      0x6c4 ./Core/CMD/cmd.o
                0x0800055c                process_command
 .text.EEPROM_Init
                0x08000c20       0xac ./Core/EEPROM/eeprom.o
                0x08000c20                EEPROM_Init
 .text.EEPROM_ReadConfig
                0x08000ccc       0x70 ./Core/EEPROM/eeprom.o
                0x08000ccc                EEPROM_ReadConfig
 .text.EEPROM_WriteConfig
                0x08000d3c       0x48 ./Core/EEPROM/eeprom.o
                0x08000d3c                EEPROM_WriteConfig
 .text.CalculateCRC32
                0x08000d84       0x74 ./Core/EEPROM/eeprom.o
                0x08000d84                CalculateCRC32
 .text.EEPROM_GetAccelCalibration
                0x08000df8       0x94 ./Core/EEPROM/eeprom.o
                0x08000df8                EEPROM_GetAccelCalibration
 .text.EEPROM_GetGyroCalibration
                0x08000e8c       0x94 ./Core/EEPROM/eeprom.o
                0x08000e8c                EEPROM_GetGyroCalibration
 .text.EEPROM_GetMagCalibration
                0x08000f20       0x5c ./Core/EEPROM/eeprom.o
                0x08000f20                EEPROM_GetMagCalibration
 .text.EEPROM_GetPID
                0x08000f7c       0x44 ./Core/EEPROM/eeprom.o
                0x08000f7c                EEPROM_GetPID
 .text.EEPROM_GetRollPID
                0x08000fc0       0x44 ./Core/EEPROM/eeprom.o
                0x08000fc0                EEPROM_GetRollPID
 .text.EEPROM_SetRollPID
                0x08001004       0x60 ./Core/EEPROM/eeprom.o
                0x08001004                EEPROM_SetRollPID
 .text.EEPROM_GetPitchPID
                0x08001064       0x44 ./Core/EEPROM/eeprom.o
                0x08001064                EEPROM_GetPitchPID
 .text.EEPROM_SetPitchPID
                0x080010a8       0x60 ./Core/EEPROM/eeprom.o
                0x080010a8                EEPROM_SetPitchPID
 .text.EEPROM_GetYawRatePID
                0x08001108       0x44 ./Core/EEPROM/eeprom.o
                0x08001108                EEPROM_GetYawRatePID
 .text.EEPROM_SetYawRatePID
                0x0800114c       0x60 ./Core/EEPROM/eeprom.o
                0x0800114c                EEPROM_SetYawRatePID
 .text.EEPROM_GetAircraftLights
                0x080011ac       0x48 ./Core/EEPROM/eeprom.o
                0x080011ac                EEPROM_GetAircraftLights
 .text.W25Qxx_WaitForWriteEnd
                0x080011f4       0xa0 ./Core/EEPROM/eeprom.o
 .text.W25Qxx_Read
                0x08001294       0xa8 ./Core/EEPROM/eeprom.o
 .text.W25Qxx_Write
                0x0800133c      0x1b8 ./Core/EEPROM/eeprom.o
 .text.HMC5883L_WriteReg
                0x080014f4       0x38 ./Core/HMC5883L/hmc5883l.o
 .text.HMC5883L_ReadReg
                0x0800152c       0x3c ./Core/HMC5883L/hmc5883l.o
                0x0800152c                HMC5883L_ReadReg
 .text.HMC5883L_Init
                0x08001568       0x34 ./Core/HMC5883L/hmc5883l.o
                0x08001568                HMC5883L_Init
 .text.LL_SPI_Enable
                0x0800159c       0x20 ./Core/IMU/ICM42688P/icm42688p.o
 .text.LL_SPI_Disable
                0x080015bc       0x20 ./Core/IMU/ICM42688P/icm42688p.o
 .text.LL_SPI_SetMode
                0x080015dc       0x26 ./Core/IMU/ICM42688P/icm42688p.o
 .text.LL_SPI_StartMasterTransfer
                0x08001602       0x20 ./Core/IMU/ICM42688P/icm42688p.o
 .text.LL_SPI_SetClockPhase
                0x08001622       0x26 ./Core/IMU/ICM42688P/icm42688p.o
 .text.LL_SPI_SetClockPolarity
                0x08001648       0x26 ./Core/IMU/ICM42688P/icm42688p.o
 .text.LL_SPI_SetBaudRatePrescaler
                0x0800166e       0x26 ./Core/IMU/ICM42688P/icm42688p.o
 .text.LL_SPI_SetTransferBitOrder
                0x08001694       0x26 ./Core/IMU/ICM42688P/icm42688p.o
 .text.LL_SPI_SetTransferDirection
                0x080016ba       0x3e ./Core/IMU/ICM42688P/icm42688p.o
 .text.LL_SPI_SetDataWidth
                0x080016f8       0x26 ./Core/IMU/ICM42688P/icm42688p.o
 .text.LL_SPI_SetFIFOThreshold
                0x0800171e       0x26 ./Core/IMU/ICM42688P/icm42688p.o
 .text.LL_SPI_SetNSSMode
                0x08001744       0x26 ./Core/IMU/ICM42688P/icm42688p.o
 .text.LL_SPI_IsActiveFlag_RXP
                0x0800176a       0x26 ./Core/IMU/ICM42688P/icm42688p.o
 .text.LL_SPI_IsActiveFlag_TXP
                0x08001790       0x26 ./Core/IMU/ICM42688P/icm42688p.o
 .text.LL_SPI_ReceiveData8
                0x080017b6       0x1c ./Core/IMU/ICM42688P/icm42688p.o
 .text.LL_SPI_TransmitData8
                0x080017d2       0x20 ./Core/IMU/ICM42688P/icm42688p.o
 *fill*         0x080017f2        0x2 
 .text.LL_AHB4_GRP1_EnableClock
                0x080017f4       0x38 ./Core/IMU/ICM42688P/icm42688p.o
 .text.LL_APB1_GRP1_EnableClock
                0x0800182c       0x38 ./Core/IMU/ICM42688P/icm42688p.o
 .text.LL_GPIO_IsInputPinSet
                0x08001864       0x2a ./Core/IMU/ICM42688P/icm42688p.o
 .text.LL_GPIO_SetOutputPin
                0x0800188e       0x1c ./Core/IMU/ICM42688P/icm42688p.o
 .text.LL_GPIO_ResetOutputPin
                0x080018aa       0x1e ./Core/IMU/ICM42688P/icm42688p.o
 .text.ICM42688P_GPIO_SPI_Initialization
                0x080018c8      0x12c ./Core/IMU/ICM42688P/icm42688p.o
                0x080018c8                ICM42688P_GPIO_SPI_Initialization
 .text.ICM42688P_SelectBank
                0x080019f4       0x30 ./Core/IMU/ICM42688P/icm42688p.o
                0x080019f4                ICM42688P_SelectBank
 .text.SPI3_SendByte
                0x08001a24       0x44 ./Core/IMU/ICM42688P/icm42688p.o
                0x08001a24                SPI3_SendByte
 .text.ICM42688P_ReadByte
                0x08001a68       0x44 ./Core/IMU/ICM42688P/icm42688p.o
                0x08001a68                ICM42688P_ReadByte
 .text.ICM42688P_ReadBytes
                0x08001aac       0x60 ./Core/IMU/ICM42688P/icm42688p.o
                0x08001aac                ICM42688P_ReadBytes
 .text.ICM42688P_WriteByte
                0x08001b0c       0x48 ./Core/IMU/ICM42688P/icm42688p.o
                0x08001b0c                ICM42688P_WriteByte
 .text.ICM42688P_Initialization
                0x08001b54      0x130 ./Core/IMU/ICM42688P/icm42688p.o
                0x08001b54                ICM42688P_Initialization
 .text.ICM42688P_Get6AxisRawData
                0x08001c84       0xa0 ./Core/IMU/ICM42688P/icm42688p.o
                0x08001c84                ICM42688P_Get6AxisRawData
 .text.ICM42688P_DataReady
                0x08001d24       0x18 ./Core/IMU/ICM42688P/icm42688p.o
                0x08001d24                ICM42688P_DataReady
 .text.WS2812_SetColor
                0x08001d3c      0x104 ./Core/LED/MAIN_BOARD_RGB/ws2812.o
                0x08001d3c                WS2812_SetColor
 .text.WS2812_Send
                0x08001e40       0xf4 ./Core/LED/MAIN_BOARD_RGB/ws2812.o
                0x08001e40                WS2812_Send
 .text.main_led
                0x08001f34       0x5c ./Core/LED/MAIN_BOARD_RGB/ws2812.o
                0x08001f34                main_led
 .text.WS2812_Update
                0x08001f90       0x5c ./Core/LED/MAIN_BOARD_RGB/ws2812.o
                0x08001f90                WS2812_Update
 .text.HAL_TIM_PWM_PulseFinishedCallback
                0x08001fec       0x3c ./Core/LED/MAIN_BOARD_RGB/ws2812.o
                0x08001fec                HAL_TIM_PWM_PulseFinishedCallback
 .text.iBus_Check_CHKSUM
                0x08002028       0x6a ./Core/RECEIVER/FS-iA6B/FS-iA6B.o
                0x08002028                iBus_Check_CHKSUM
 .text.iBus_Parsing
                0x08002092      0x18e ./Core/RECEIVER/FS-iA6B/FS-iA6B.o
                0x08002092                iBus_Parsing
 .text.iBus_isActiveFailsafe
                0x08002220       0x22 ./Core/RECEIVER/FS-iA6B/FS-iA6B.o
                0x08002220                iBus_isActiveFailsafe
 *fill*         0x08002242        0x2 
 .text.__NVIC_GetPriorityGrouping
                0x08002244       0x1c ./Core/Src/dma.o
 .text.__NVIC_EnableIRQ
                0x08002260       0x3c ./Core/Src/dma.o
 .text.__NVIC_SetPriority
                0x0800229c       0x54 ./Core/Src/dma.o
 .text.NVIC_EncodePriority
                0x080022f0       0x66 ./Core/Src/dma.o
 *fill*         0x08002356        0x2 
 .text.MX_DMA_Init
                0x08002358      0x100 ./Core/Src/dma.o
                0x08002358                MX_DMA_Init
 .text.dshot_init
                0x08002458       0x22 ./Core/Src/dshot.o
                0x08002458                dshot_init
 .text.dshot_write
                0x0800247a       0x1e ./Core/Src/dshot.o
                0x0800247a                dshot_write
 .text.dshot_choose_type
                0x08002498       0x38 ./Core/Src/dshot.o
 .text.dshot_set_timer
                0x080024d0       0xb8 ./Core/Src/dshot.o
 .text.dshot_dma_tc_callback
                0x08002588       0x88 ./Core/Src/dshot.o
 .text.dshot_put_tc_callback_function
                0x08002610       0x38 ./Core/Src/dshot.o
 .text.dshot_start_pwm
                0x08002648       0x2c ./Core/Src/dshot.o
 .text.dshot_prepare_packet
                0x08002674       0x6c ./Core/Src/dshot.o
 .text.dshot_prepare_dmabuffer
                0x080026e0       0x60 ./Core/Src/dshot.o
 .text.dshot_prepare_dmabuffer_all
                0x08002740       0x58 ./Core/Src/dshot.o
 .text.dshot_dma_start
                0x08002798       0x6c ./Core/Src/dshot.o
 .text.dshot_enable_dma_request
                0x08002804       0x54 ./Core/Src/dshot.o
 .text.MX_GPIO_Init
                0x08002858      0x148 ./Core/Src/gpio.o
                0x08002858                MX_GPIO_Init
 .text.MX_I2C1_Init
                0x080029a0       0x80 ./Core/Src/i2c.o
                0x080029a0                MX_I2C1_Init
 .text.HAL_I2C_MspInit
                0x08002a20      0x198 ./Core/Src/i2c.o
                0x08002a20                HAL_I2C_MspInit
 .text.LL_TIM_EnableCounter
                0x08002bb8       0x20 ./Core/Src/main.o
 .text.LL_TIM_EnableIT_UPDATE
                0x08002bd8       0x20 ./Core/Src/main.o
 .text.LL_USART_IsActiveFlag_FE
                0x08002bf8       0x26 ./Core/Src/main.o
 .text.LL_USART_IsActiveFlag_ORE
                0x08002c1e       0x26 ./Core/Src/main.o
 .text.LL_USART_IsActiveFlag_TC
                0x08002c44       0x26 ./Core/Src/main.o
 .text.LL_USART_IsActiveFlag_TXE_TXFNF
                0x08002c6a       0x26 ./Core/Src/main.o
 .text.LL_USART_ClearFlag_FE
                0x08002c90       0x1a ./Core/Src/main.o
 .text.LL_USART_ClearFlag_ORE
                0x08002caa       0x1a ./Core/Src/main.o
 .text.LL_USART_EnableIT_RXNE_RXFNE
                0x08002cc4       0x42 ./Core/Src/main.o
 .text.LL_USART_TransmitData8
                0x08002d06       0x1e ./Core/Src/main.o
 .text.LL_GPIO_TogglePin
                0x08002d24       0x32 ./Core/Src/main.o
 *fill*         0x08002d56        0x2 
 .text._write   0x08002d58       0x84 ./Core/Src/main.o
                0x08002d58                _write
 *fill*         0x08002ddc        0x4 
 .text.main     0x08002de0      0xbfc ./Core/Src/main.o
                0x08002de0                main
 .text.SystemClock_Config
                0x080039dc       0xdc ./Core/Src/main.o
                0x080039dc                SystemClock_Config
 .text.Is_iBus_Throttle_Min
                0x08003ab8       0x4c ./Core/Src/main.o
                0x08003ab8                Is_iBus_Throttle_Min
 .text.Is_iBus_Throttle_Armed
                0x08003b04       0x4c ./Core/Src/main.o
                0x08003b04                Is_iBus_Throttle_Armed
 .text.ESC_Calibration
                0x08003b50       0x94 ./Core/Src/main.o
                0x08003b50                ESC_Calibration
 .text.Is_iBus_Received
                0x08003be4       0x40 ./Core/Src/main.o
                0x08003be4                Is_iBus_Received
 .text.check_command_timeout
                0x08003c24       0x5c ./Core/Src/main.o
                0x08003c24                check_command_timeout
 .text.MPU_Config
                0x08003c80       0x58 ./Core/Src/main.o
 .text.Error_Handler
                0x08003cd8        0xc ./Core/Src/main.o
                0x08003cd8                Error_Handler
 .text.MX_OCTOSPI1_Init
                0x08003ce4       0xc0 ./Core/Src/octospi.o
                0x08003ce4                MX_OCTOSPI1_Init
 .text.HAL_OSPI_MspInit
                0x08003da4      0x1b4 ./Core/Src/octospi.o
                0x08003da4                HAL_OSPI_MspInit
 .text.__NVIC_GetPriorityGrouping
                0x08003f58       0x1c ./Core/Src/spi.o
 .text.__NVIC_EnableIRQ
                0x08003f74       0x3c ./Core/Src/spi.o
 .text.__NVIC_SetPriority
                0x08003fb0       0x54 ./Core/Src/spi.o
 .text.NVIC_EncodePriority
                0x08004004       0x66 ./Core/Src/spi.o
 .text.LL_SPI_SetStandard
                0x0800406a       0x26 ./Core/Src/spi.o
 .text.LL_SPI_SetFIFOThreshold
                0x08004090       0x26 ./Core/Src/spi.o
 .text.LL_SPI_EnableNSSPulseMgt
                0x080040b6       0x20 ./Core/Src/spi.o
 *fill*         0x080040d6        0x2 
 .text.LL_AHB4_GRP1_EnableClock
                0x080040d8       0x38 ./Core/Src/spi.o
 .text.LL_APB1_GRP1_EnableClock
                0x08004110       0x38 ./Core/Src/spi.o
 .text.LL_DMA_SetDataTransferDirection
                0x08004148       0x4c ./Core/Src/spi.o
 .text.LL_DMA_SetMode
                0x08004194       0x4c ./Core/Src/spi.o
 .text.LL_DMA_SetPeriphIncMode
                0x080041e0       0x4c ./Core/Src/spi.o
 .text.LL_DMA_SetMemoryIncMode
                0x0800422c       0x4c ./Core/Src/spi.o
 .text.LL_DMA_SetPeriphSize
                0x08004278       0x4c ./Core/Src/spi.o
 .text.LL_DMA_SetMemorySize
                0x080042c4       0x4c ./Core/Src/spi.o
 .text.LL_DMA_SetStreamPriorityLevel
                0x08004310       0x4c ./Core/Src/spi.o
 .text.LL_DMA_SetPeriphRequest
                0x0800435c       0x60 ./Core/Src/spi.o
 .text.LL_DMA_DisableFifoMode
                0x080043bc       0x44 ./Core/Src/spi.o
 .text.MX_SPI3_Init
                0x08004400      0x1e4 ./Core/Src/spi.o
                0x08004400                MX_SPI3_Init
 .text.HAL_MspInit
                0x080045e4       0x34 ./Core/Src/stm32h7xx_hal_msp.o
                0x080045e4                HAL_MspInit
 .text.LL_TIM_ClearFlag_UPDATE
                0x08004618       0x1c ./Core/Src/stm32h7xx_it.o
 .text.LL_TIM_IsActiveFlag_UPDATE
                0x08004634       0x26 ./Core/Src/stm32h7xx_it.o
 .text.LL_USART_IsActiveFlag_FE
                0x0800465a       0x26 ./Core/Src/stm32h7xx_it.o
 .text.LL_USART_IsActiveFlag_NE
                0x08004680       0x26 ./Core/Src/stm32h7xx_it.o
 .text.LL_USART_IsActiveFlag_ORE
                0x080046a6       0x26 ./Core/Src/stm32h7xx_it.o
 .text.LL_USART_IsActiveFlag_RXNE_RXFNE
                0x080046cc       0x26 ./Core/Src/stm32h7xx_it.o
 .text.LL_USART_ClearFlag_FE
                0x080046f2       0x1a ./Core/Src/stm32h7xx_it.o
 .text.LL_USART_ClearFlag_NE
                0x0800470c       0x1a ./Core/Src/stm32h7xx_it.o
 .text.LL_USART_ClearFlag_ORE
                0x08004726       0x1a ./Core/Src/stm32h7xx_it.o
 .text.LL_USART_ReceiveData8
                0x08004740       0x1a ./Core/Src/stm32h7xx_it.o
 .text.NMI_Handler
                0x0800475a        0x8 ./Core/Src/stm32h7xx_it.o
                0x0800475a                NMI_Handler
 .text.HardFault_Handler
                0x08004762        0x8 ./Core/Src/stm32h7xx_it.o
                0x08004762                HardFault_Handler
 .text.MemManage_Handler
                0x0800476a        0x8 ./Core/Src/stm32h7xx_it.o
                0x0800476a                MemManage_Handler
 .text.BusFault_Handler
                0x08004772        0x8 ./Core/Src/stm32h7xx_it.o
                0x08004772                BusFault_Handler
 .text.UsageFault_Handler
                0x0800477a        0x8 ./Core/Src/stm32h7xx_it.o
                0x0800477a                UsageFault_Handler
 .text.SVC_Handler
                0x08004782        0xe ./Core/Src/stm32h7xx_it.o
                0x08004782                SVC_Handler
 .text.DebugMon_Handler
                0x08004790        0xe ./Core/Src/stm32h7xx_it.o
                0x08004790                DebugMon_Handler
 .text.PendSV_Handler
                0x0800479e        0xe ./Core/Src/stm32h7xx_it.o
                0x0800479e                PendSV_Handler
 .text.SysTick_Handler
                0x080047ac        0xc ./Core/Src/stm32h7xx_it.o
                0x080047ac                SysTick_Handler
 .text.DMA1_Stream0_IRQHandler
                0x080047b8       0x14 ./Core/Src/stm32h7xx_it.o
                0x080047b8                DMA1_Stream0_IRQHandler
 .text.DMA1_Stream1_IRQHandler
                0x080047cc       0x14 ./Core/Src/stm32h7xx_it.o
                0x080047cc                DMA1_Stream1_IRQHandler
 .text.DMA1_Stream2_IRQHandler
                0x080047e0       0x14 ./Core/Src/stm32h7xx_it.o
                0x080047e0                DMA1_Stream2_IRQHandler
 .text.DMA1_Stream3_IRQHandler
                0x080047f4        0xe ./Core/Src/stm32h7xx_it.o
                0x080047f4                DMA1_Stream3_IRQHandler
 .text.DMA1_Stream4_IRQHandler
                0x08004802        0xe ./Core/Src/stm32h7xx_it.o
                0x08004802                DMA1_Stream4_IRQHandler
 .text.DMA1_Stream5_IRQHandler
                0x08004810       0x14 ./Core/Src/stm32h7xx_it.o
                0x08004810                DMA1_Stream5_IRQHandler
 .text.DMA1_Stream6_IRQHandler
                0x08004824       0x14 ./Core/Src/stm32h7xx_it.o
                0x08004824                DMA1_Stream6_IRQHandler
 .text.DMA1_Stream7_IRQHandler
                0x08004838       0x14 ./Core/Src/stm32h7xx_it.o
                0x08004838                DMA1_Stream7_IRQHandler
 .text.TIM5_IRQHandler
                0x0800484c       0x14 ./Core/Src/stm32h7xx_it.o
                0x0800484c                TIM5_IRQHandler
 .text.SPI3_IRQHandler
                0x08004860        0xe ./Core/Src/stm32h7xx_it.o
                0x08004860                SPI3_IRQHandler
 *fill*         0x0800486e        0x2 
 .text.UART4_IRQHandler
                0x08004870      0x11c ./Core/Src/stm32h7xx_it.o
                0x08004870                UART4_IRQHandler
 .text.TIM7_IRQHandler
                0x0800498c      0x138 ./Core/Src/stm32h7xx_it.o
                0x0800498c                TIM7_IRQHandler
 .text.DMA2_Stream0_IRQHandler
                0x08004ac4       0x14 ./Core/Src/stm32h7xx_it.o
                0x08004ac4                DMA2_Stream0_IRQHandler
 .text.USART6_IRQHandler
                0x08004ad8       0xc8 ./Core/Src/stm32h7xx_it.o
                0x08004ad8                USART6_IRQHandler
 .text._getpid  0x08004ba0       0x10 ./Core/Src/syscalls.o
                0x08004ba0                _getpid
 .text._kill    0x08004bb0       0x20 ./Core/Src/syscalls.o
                0x08004bb0                _kill
 .text._exit    0x08004bd0       0x16 ./Core/Src/syscalls.o
                0x08004bd0                _exit
 .text._read    0x08004be6       0x3a ./Core/Src/syscalls.o
                0x08004be6                _read
 .text._close   0x08004c20       0x18 ./Core/Src/syscalls.o
                0x08004c20                _close
 .text._fstat   0x08004c38       0x20 ./Core/Src/syscalls.o
                0x08004c38                _fstat
 .text._isatty  0x08004c58       0x16 ./Core/Src/syscalls.o
                0x08004c58                _isatty
 .text._lseek   0x08004c6e       0x1a ./Core/Src/syscalls.o
                0x08004c6e                _lseek
 .text._sbrk    0x08004c88       0x6c ./Core/Src/sysmem.o
                0x08004c88                _sbrk
 .text.SystemInit
                0x08004cf4      0x120 ./Core/Src/system_stm32h7xx.o
                0x08004cf4                SystemInit
 .text.ExitRun0Mode
                0x08004e14       0x30 ./Core/Src/system_stm32h7xx.o
                0x08004e14                ExitRun0Mode
 .text.__NVIC_GetPriorityGrouping
                0x08004e44       0x1c ./Core/Src/tim.o
 .text.__NVIC_EnableIRQ
                0x08004e60       0x3c ./Core/Src/tim.o
 .text.__NVIC_SetPriority
                0x08004e9c       0x54 ./Core/Src/tim.o
 .text.NVIC_EncodePriority
                0x08004ef0       0x66 ./Core/Src/tim.o
 .text.LL_TIM_EnableARRPreload
                0x08004f56       0x20 ./Core/Src/tim.o
 .text.LL_TIM_SetTriggerOutput
                0x08004f76       0x26 ./Core/Src/tim.o
 .text.LL_TIM_DisableMasterSlaveMode
                0x08004f9c       0x20 ./Core/Src/tim.o
 .text.LL_APB1_GRP1_EnableClock
                0x08004fbc       0x38 ./Core/Src/tim.o
 .text.MX_TIM2_Init
                0x08004ff4       0xec ./Core/Src/tim.o
                0x08004ff4                MX_TIM2_Init
 .text.MX_TIM3_Init
                0x080050e0       0xf0 ./Core/Src/tim.o
                0x080050e0                MX_TIM3_Init
 .text.MX_TIM5_Init
                0x080051d0      0x130 ./Core/Src/tim.o
                0x080051d0                MX_TIM5_Init
 .text.MX_TIM7_Init
                0x08005300       0x74 ./Core/Src/tim.o
                0x08005300                MX_TIM7_Init
 .text.HAL_TIM_Base_MspInit
                0x08005374      0x300 ./Core/Src/tim.o
                0x08005374                HAL_TIM_Base_MspInit
 .text.HAL_TIM_MspPostInit
                0x08005674      0x10c ./Core/Src/tim.o
                0x08005674                HAL_TIM_MspPostInit
 .text.__NVIC_GetPriorityGrouping
                0x08005780       0x1c ./Core/Src/usart.o
 .text.__NVIC_EnableIRQ
                0x0800579c       0x3c ./Core/Src/usart.o
 .text.__NVIC_SetPriority
                0x080057d8       0x54 ./Core/Src/usart.o
 .text.NVIC_EncodePriority
                0x0800582c       0x66 ./Core/Src/usart.o
 .text.LL_USART_Enable
                0x08005892       0x20 ./Core/Src/usart.o
 .text.LL_USART_DisableFIFO
                0x080058b2       0x20 ./Core/Src/usart.o
 .text.LL_USART_SetTXFIFOThreshold
                0x080058d2       0x4e ./Core/Src/usart.o
 .text.LL_USART_SetRXFIFOThreshold
                0x08005920       0x4e ./Core/Src/usart.o
 .text.LL_USART_ConfigAsyncMode
                0x0800596e       0x2c ./Core/Src/usart.o
 .text.LL_USART_IsActiveFlag_TEACK
                0x0800599a       0x28 ./Core/Src/usart.o
 .text.LL_USART_IsActiveFlag_REACK
                0x080059c2       0x28 ./Core/Src/usart.o
 *fill*         0x080059ea        0x2 
 .text.LL_AHB4_GRP1_EnableClock
                0x080059ec       0x38 ./Core/Src/usart.o
 .text.LL_APB1_GRP1_EnableClock
                0x08005a24       0x38 ./Core/Src/usart.o
 .text.LL_APB2_GRP1_EnableClock
                0x08005a5c       0x38 ./Core/Src/usart.o
 .text.MX_UART4_Init
                0x08005a94      0x134 ./Core/Src/usart.o
                0x08005a94                MX_UART4_Init
 .text.MX_USART6_UART_Init
                0x08005bc8      0x13c ./Core/Src/usart.o
                0x08005bc8                MX_USART6_UART_Init
 .text.Reset_Handler
                0x08005d04       0x54 ./Core/Startup/startup_stm32h723vgtx.o
                0x08005d04                Reset_Handler
 .text.Default_Handler
                0x08005d58        0x2 ./Core/Startup/startup_stm32h723vgtx.o
                0x08005d58                RTC_Alarm_IRQHandler
                0x08005d58                EXTI2_IRQHandler
                0x08005d58                TIM8_CC_IRQHandler
                0x08005d58                UART8_IRQHandler
                0x08005d58                SPI4_IRQHandler
                0x08005d58                FDCAN3_IT0_IRQHandler
                0x08005d58                TIM1_CC_IRQHandler
                0x08005d58                BDMA_Channel6_IRQHandler
                0x08005d58                DMA2_Stream5_IRQHandler
                0x08005d58                CORDIC_IRQHandler
                0x08005d58                BDMA_Channel1_IRQHandler
                0x08005d58                TAMP_STAMP_IRQHandler
                0x08005d58                EXTI3_IRQHandler
                0x08005d58                LPTIM4_IRQHandler
                0x08005d58                TIM8_TRG_COM_TIM14_IRQHandler
                0x08005d58                LPTIM2_IRQHandler
                0x08005d58                DFSDM1_FLT1_IRQHandler
                0x08005d58                DMAMUX2_OVR_IRQHandler
                0x08005d58                TIM8_UP_TIM13_IRQHandler
                0x08005d58                I2C3_ER_IRQHandler
                0x08005d58                DFSDM1_FLT2_IRQHandler
                0x08005d58                I2C5_EV_IRQHandler
                0x08005d58                USART10_IRQHandler
                0x08005d58                MDMA_IRQHandler
                0x08005d58                LPTIM3_IRQHandler
                0x08005d58                HSEM1_IRQHandler
                0x08005d58                EXTI0_IRQHandler
                0x08005d58                I2C2_EV_IRQHandler
                0x08005d58                FPU_IRQHandler
                0x08005d58                OTG_HS_WKUP_IRQHandler
                0x08005d58                FDCAN1_IT1_IRQHandler
                0x08005d58                LTDC_ER_IRQHandler
                0x08005d58                DMA2_Stream2_IRQHandler
                0x08005d58                SPI1_IRQHandler
                0x08005d58                OCTOSPI1_IRQHandler
                0x08005d58                TIM6_DAC_IRQHandler
                0x08005d58                DMA2_Stream3_IRQHandler
                0x08005d58                OCTOSPI2_IRQHandler
                0x08005d58                DFSDM1_FLT3_IRQHandler
                0x08005d58                TIM23_IRQHandler
                0x08005d58                TIM17_IRQHandler
                0x08005d58                USART3_IRQHandler
                0x08005d58                BDMA_Channel7_IRQHandler
                0x08005d58                LPTIM5_IRQHandler
                0x08005d58                UART5_IRQHandler
                0x08005d58                ADC3_IRQHandler
                0x08005d58                TIM4_IRQHandler
                0x08005d58                BDMA_Channel2_IRQHandler
                0x08005d58                I2C1_EV_IRQHandler
                0x08005d58                DMAMUX1_OVR_IRQHandler
                0x08005d58                TIM16_IRQHandler
                0x08005d58                BDMA_Channel5_IRQHandler
                0x08005d58                TIM3_IRQHandler
                0x08005d58                RCC_IRQHandler
                0x08005d58                UART9_IRQHandler
                0x08005d58                TIM8_BRK_TIM12_IRQHandler
                0x08005d58                TIM1_TRG_COM_IRQHandler
                0x08005d58                Default_Handler
                0x08005d58                ECC_IRQHandler
                0x08005d58                FMAC_IRQHandler
                0x08005d58                CEC_IRQHandler
                0x08005d58                EXTI15_10_IRQHandler
                0x08005d58                BDMA_Channel0_IRQHandler
                0x08005d58                ADC_IRQHandler
                0x08005d58                I2C5_ER_IRQHandler
                0x08005d58                SPI5_IRQHandler
                0x08005d58                FDCAN3_IT1_IRQHandler
                0x08005d58                SDMMC1_IRQHandler
                0x08005d58                DMA2_Stream7_IRQHandler
                0x08005d58                TIM15_IRQHandler
                0x08005d58                PVD_AVD_IRQHandler
                0x08005d58                I2C3_EV_IRQHandler
                0x08005d58                EXTI9_5_IRQHandler
                0x08005d58                RTC_WKUP_IRQHandler
                0x08005d58                LTDC_IRQHandler
                0x08005d58                ETH_WKUP_IRQHandler
                0x08005d58                SPDIF_RX_IRQHandler
                0x08005d58                SPI2_IRQHandler
                0x08005d58                OTG_HS_EP1_IN_IRQHandler
                0x08005d58                TIM24_IRQHandler
                0x08005d58                CRS_IRQHandler
                0x08005d58                EXTI4_IRQHandler
                0x08005d58                RNG_IRQHandler
                0x08005d58                FDCAN2_IT1_IRQHandler
                0x08005d58                ETH_IRQHandler
                0x08005d58                TIM1_UP_IRQHandler
                0x08005d58                BDMA_Channel4_IRQHandler
                0x08005d58                OTG_HS_EP1_OUT_IRQHandler
                0x08005d58                WWDG_IRQHandler
                0x08005d58                SPI6_IRQHandler
                0x08005d58                MDIOS_IRQHandler
                0x08005d58                I2C4_EV_IRQHandler
                0x08005d58                FDCAN2_IT0_IRQHandler
                0x08005d58                LPUART1_IRQHandler
                0x08005d58                FDCAN1_IT0_IRQHandler
                0x08005d58                TIM2_IRQHandler
                0x08005d58                OTG_HS_IRQHandler
                0x08005d58                DMA2D_IRQHandler
                0x08005d58                TIM1_BRK_IRQHandler
                0x08005d58                EXTI1_IRQHandler
                0x08005d58                SDMMC2_IRQHandler
                0x08005d58                BDMA_Channel3_IRQHandler
                0x08005d58                DTS_IRQHandler
                0x08005d58                UART7_IRQHandler
                0x08005d58                MDIOS_WKUP_IRQHandler
                0x08005d58                USART2_IRQHandler
                0x08005d58                DFSDM1_FLT0_IRQHandler
                0x08005d58                SAI4_IRQHandler
                0x08005d58                I2C2_ER_IRQHandler
                0x08005d58                DMA2_Stream1_IRQHandler
                0x08005d58                FLASH_IRQHandler
                0x08005d58                DMA2_Stream4_IRQHandler
                0x08005d58                USART1_IRQHandler
                0x08005d58                WAKEUP_PIN_IRQHandler
                0x08005d58                I2C1_ER_IRQHandler
                0x08005d58                FMC_IRQHandler
                0x08005d58                FDCAN_CAL_IRQHandler
                0x08005d58                SWPMI1_IRQHandler
                0x08005d58                COMP1_IRQHandler
                0x08005d58                LPTIM1_IRQHandler
                0x08005d58                DCMI_PSSI_IRQHandler
                0x08005d58                I2C4_ER_IRQHandler
                0x08005d58                DMA2_Stream6_IRQHandler
                0x08005d58                SAI1_IRQHandler
 *fill*         0x08005d5a        0x2 
 .text.HAL_Init
                0x08005d5c       0x78 ./Drivers/STM32H7xx_HAL_Driver/Src/stm32h7xx_hal.o
                0x08005d5c                HAL_Init
 .text.HAL_InitTick
                0x08005dd4       0x6c ./Drivers/STM32H7xx_HAL_Driver/Src/stm32h7xx_hal.o
                0x08005dd4                HAL_InitTick
 .text.HAL_IncTick
                0x08005e40       0x28 ./Drivers/STM32H7xx_HAL_Driver/Src/stm32h7xx_hal.o
                0x08005e40                HAL_IncTick
 .text.HAL_GetTick
                0x08005e68       0x18 ./Drivers/STM32H7xx_HAL_Driver/Src/stm32h7xx_hal.o
                0x08005e68                HAL_GetTick
 .text.HAL_Delay
                0x08005e80       0x48 ./Drivers/STM32H7xx_HAL_Driver/Src/stm32h7xx_hal.o
                0x08005e80                HAL_Delay
 .text.__NVIC_SetPriorityGrouping
                0x08005ec8       0x48 ./Drivers/STM32H7xx_HAL_Driver/Src/stm32h7xx_hal_cortex.o
 .text.__NVIC_GetPriorityGrouping
                0x08005f10       0x1c ./Drivers/STM32H7xx_HAL_Driver/Src/stm32h7xx_hal_cortex.o
 .text.__NVIC_EnableIRQ
                0x08005f2c       0x3c ./Drivers/STM32H7xx_HAL_Driver/Src/stm32h7xx_hal_cortex.o
 .text.__NVIC_SetPriority
                0x08005f68       0x54 ./Drivers/STM32H7xx_HAL_Driver/Src/stm32h7xx_hal_cortex.o
 .text.NVIC_EncodePriority
                0x08005fbc       0x66 ./Drivers/STM32H7xx_HAL_Driver/Src/stm32h7xx_hal_cortex.o
 *fill*         0x08006022        0x2 
 .text.SysTick_Config
                0x08006024       0x44 ./Drivers/STM32H7xx_HAL_Driver/Src/stm32h7xx_hal_cortex.o
 .text.HAL_NVIC_SetPriorityGrouping
                0x08006068       0x16 ./Drivers/STM32H7xx_HAL_Driver/Src/stm32h7xx_hal_cortex.o
                0x08006068                HAL_NVIC_SetPriorityGrouping
 .text.HAL_NVIC_SetPriority
                0x0800607e       0x34 ./Drivers/STM32H7xx_HAL_Driver/Src/stm32h7xx_hal_cortex.o
                0x0800607e                HAL_NVIC_SetPriority
 .text.HAL_NVIC_EnableIRQ
                0x080060b2       0x1c ./Drivers/STM32H7xx_HAL_Driver/Src/stm32h7xx_hal_cortex.o
                0x080060b2                HAL_NVIC_EnableIRQ
 .text.HAL_SYSTICK_Config
                0x080060ce       0x18 ./Drivers/STM32H7xx_HAL_Driver/Src/stm32h7xx_hal_cortex.o
                0x080060ce                HAL_SYSTICK_Config
 *fill*         0x080060e6        0x2 
 .text.HAL_MPU_Disable
                0x080060e8       0x30 ./Drivers/STM32H7xx_HAL_Driver/Src/stm32h7xx_hal_cortex.o
                0x080060e8                HAL_MPU_Disable
 .text.HAL_MPU_Enable
                0x08006118       0x40 ./Drivers/STM32H7xx_HAL_Driver/Src/stm32h7xx_hal_cortex.o
                0x08006118                HAL_MPU_Enable
 .text.HAL_MPU_ConfigRegion
                0x08006158       0x80 ./Drivers/STM32H7xx_HAL_Driver/Src/stm32h7xx_hal_cortex.o
                0x08006158                HAL_MPU_ConfigRegion
 .text.HAL_DMA_Init
                0x080061d8      0x6b0 ./Drivers/STM32H7xx_HAL_Driver/Src/stm32h7xx_hal_dma.o
                0x080061d8                HAL_DMA_Init
 .text.HAL_DMA_Start_IT
                0x08006888      0x4d4 ./Drivers/STM32H7xx_HAL_Driver/Src/stm32h7xx_hal_dma.o
                0x08006888                HAL_DMA_Start_IT
 .text.HAL_DMA_Abort_IT
                0x08006d5c      0x48c ./Drivers/STM32H7xx_HAL_Driver/Src/stm32h7xx_hal_dma.o
                0x08006d5c                HAL_DMA_Abort_IT
 .text.HAL_DMA_IRQHandler
                0x080071e8      0xe54 ./Drivers/STM32H7xx_HAL_Driver/Src/stm32h7xx_hal_dma.o
                0x080071e8                HAL_DMA_IRQHandler
 .text.DMA_SetConfig
                0x0800803c      0x358 ./Drivers/STM32H7xx_HAL_Driver/Src/stm32h7xx_hal_dma.o
 .text.DMA_CalcBaseAndBitshift
                0x08008394      0x164 ./Drivers/STM32H7xx_HAL_Driver/Src/stm32h7xx_hal_dma.o
 .text.DMA_CheckFifoParam
                0x080084f8       0xf8 ./Drivers/STM32H7xx_HAL_Driver/Src/stm32h7xx_hal_dma.o
 .text.DMA_CalcDMAMUXChannelBaseAndMask
                0x080085f0      0x134 ./Drivers/STM32H7xx_HAL_Driver/Src/stm32h7xx_hal_dma.o
 .text.DMA_CalcDMAMUXRequestGenBaseAndMask
                0x08008724       0xe8 ./Drivers/STM32H7xx_HAL_Driver/Src/stm32h7xx_hal_dma.o
 .text.HAL_GPIO_Init
                0x0800880c      0x350 ./Drivers/STM32H7xx_HAL_Driver/Src/stm32h7xx_hal_gpio.o
                0x0800880c                HAL_GPIO_Init
 .text.HAL_GPIO_WritePin
                0x08008b5c       0x32 ./Drivers/STM32H7xx_HAL_Driver/Src/stm32h7xx_hal_gpio.o
                0x08008b5c                HAL_GPIO_WritePin
 .text.HAL_GPIO_TogglePin
                0x08008b8e       0x34 ./Drivers/STM32H7xx_HAL_Driver/Src/stm32h7xx_hal_gpio.o
                0x08008b8e                HAL_GPIO_TogglePin
 *fill*         0x08008bc2        0x2 
 .text.HAL_I2C_Init
                0x08008bc4      0x138 ./Drivers/STM32H7xx_HAL_Driver/Src/stm32h7xx_hal_i2c.o
                0x08008bc4                HAL_I2C_Init
 .text.HAL_I2C_Master_Transmit
                0x08008cfc      0x230 ./Drivers/STM32H7xx_HAL_Driver/Src/stm32h7xx_hal_i2c.o
                0x08008cfc                HAL_I2C_Master_Transmit
 .text.HAL_I2C_Master_Receive
                0x08008f2c      0x1ec ./Drivers/STM32H7xx_HAL_Driver/Src/stm32h7xx_hal_i2c.o
                0x08008f2c                HAL_I2C_Master_Receive
 .text.I2C_Flush_TXDR
                0x08009118       0x48 ./Drivers/STM32H7xx_HAL_Driver/Src/stm32h7xx_hal_i2c.o
 .text.I2C_WaitOnFlagUntilTimeout
                0x08009160       0xb2 ./Drivers/STM32H7xx_HAL_Driver/Src/stm32h7xx_hal_i2c.o
 .text.I2C_WaitOnTXISFlagUntilTimeout
                0x08009212       0x8e ./Drivers/STM32H7xx_HAL_Driver/Src/stm32h7xx_hal_i2c.o
 .text.I2C_WaitOnSTOPFlagUntilTimeout
                0x080092a0       0x86 ./Drivers/STM32H7xx_HAL_Driver/Src/stm32h7xx_hal_i2c.o
 *fill*         0x08009326        0x2 
 .text.I2C_WaitOnRXNEFlagUntilTimeout
                0x08009328      0x118 ./Drivers/STM32H7xx_HAL_Driver/Src/stm32h7xx_hal_i2c.o
 .text.I2C_IsErrorOccurred
                0x08009440      0x1c0 ./Drivers/STM32H7xx_HAL_Driver/Src/stm32h7xx_hal_i2c.o
 .text.I2C_TransferConfig
                0x08009600       0x64 ./Drivers/STM32H7xx_HAL_Driver/Src/stm32h7xx_hal_i2c.o
 .text.HAL_I2CEx_ConfigAnalogFilter
                0x08009664       0x96 ./Drivers/STM32H7xx_HAL_Driver/Src/stm32h7xx_hal_i2c_ex.o
                0x08009664                HAL_I2CEx_ConfigAnalogFilter
 .text.HAL_I2CEx_ConfigDigitalFilter
                0x080096fa       0x98 ./Drivers/STM32H7xx_HAL_Driver/Src/stm32h7xx_hal_i2c_ex.o
                0x080096fa                HAL_I2CEx_ConfigDigitalFilter
 *fill*         0x08009792        0x2 
 .text.HAL_OSPI_Init
                0x08009794      0x178 ./Drivers/STM32H7xx_HAL_Driver/Src/stm32h7xx_hal_ospi.o
                0x08009794                HAL_OSPI_Init
 .text.HAL_OSPI_Command
                0x0800990c      0x11a ./Drivers/STM32H7xx_HAL_Driver/Src/stm32h7xx_hal_ospi.o
                0x0800990c                HAL_OSPI_Command
 .text.HAL_OSPI_Transmit
                0x08009a26       0xe6 ./Drivers/STM32H7xx_HAL_Driver/Src/stm32h7xx_hal_ospi.o
                0x08009a26                HAL_OSPI_Transmit
 .text.HAL_OSPI_Receive
                0x08009b0c      0x146 ./Drivers/STM32H7xx_HAL_Driver/Src/stm32h7xx_hal_ospi.o
                0x08009b0c                HAL_OSPI_Receive
 .text.HAL_OSPI_SetTimeout
                0x08009c52       0x1e ./Drivers/STM32H7xx_HAL_Driver/Src/stm32h7xx_hal_ospi.o
                0x08009c52                HAL_OSPI_SetTimeout
 .text.HAL_OSPIM_Config
                0x08009c70      0x9d8 ./Drivers/STM32H7xx_HAL_Driver/Src/stm32h7xx_hal_ospi.o
                0x08009c70                HAL_OSPIM_Config
 .text.OSPI_WaitFlagStateUntilTimeout
                0x0800a648       0x6e ./Drivers/STM32H7xx_HAL_Driver/Src/stm32h7xx_hal_ospi.o
 *fill*         0x0800a6b6        0x2 
 .text.OSPI_ConfigCmd
                0x0800a6b8      0x2f4 ./Drivers/STM32H7xx_HAL_Driver/Src/stm32h7xx_hal_ospi.o
 .text.OSPIM_GetConfig
                0x0800a9ac      0x174 ./Drivers/STM32H7xx_HAL_Driver/Src/stm32h7xx_hal_ospi.o
 .text.HAL_PWREx_ConfigSupply
                0x0800ab20       0x74 ./Drivers/STM32H7xx_HAL_Driver/Src/stm32h7xx_hal_pwr_ex.o
                0x0800ab20                HAL_PWREx_ConfigSupply
 .text.HAL_RCC_OscConfig
                0x0800ab94      0x7b4 ./Drivers/STM32H7xx_HAL_Driver/Src/stm32h7xx_hal_rcc.o
                0x0800ab94                HAL_RCC_OscConfig
 .text.HAL_RCC_ClockConfig
                0x0800b348      0x36c ./Drivers/STM32H7xx_HAL_Driver/Src/stm32h7xx_hal_rcc.o
                0x0800b348                HAL_RCC_ClockConfig
 .text.HAL_RCC_GetSysClockFreq
                0x0800b6b4      0x2f4 ./Drivers/STM32H7xx_HAL_Driver/Src/stm32h7xx_hal_rcc.o
                0x0800b6b4                HAL_RCC_GetSysClockFreq
 .text.HAL_RCCEx_PeriphCLKConfig
                0x0800b9a8     0x1340 ./Drivers/STM32H7xx_HAL_Driver/Src/stm32h7xx_hal_rcc_ex.o
                0x0800b9a8                HAL_RCCEx_PeriphCLKConfig
 .text.RCCEx_PLL2_Config
                0x0800cce8      0x164 ./Drivers/STM32H7xx_HAL_Driver/Src/stm32h7xx_hal_rcc_ex.o
 .text.RCCEx_PLL3_Config
                0x0800ce4c      0x164 ./Drivers/STM32H7xx_HAL_Driver/Src/stm32h7xx_hal_rcc_ex.o
 .text.HAL_TIM_Base_Init
                0x0800cfb0       0xae ./Drivers/STM32H7xx_HAL_Driver/Src/stm32h7xx_hal_tim.o
                0x0800cfb0                HAL_TIM_Base_Init
 *fill*         0x0800d05e        0x2 
 .text.HAL_TIM_Base_Start
                0x0800d060       0xfc ./Drivers/STM32H7xx_HAL_Driver/Src/stm32h7xx_hal_tim.o
                0x0800d060                HAL_TIM_Base_Start
 .text.HAL_TIM_Base_Stop
                0x0800d15c       0x4e ./Drivers/STM32H7xx_HAL_Driver/Src/stm32h7xx_hal_tim.o
                0x0800d15c                HAL_TIM_Base_Stop
 .text.HAL_TIM_PWM_Init
                0x0800d1aa       0xae ./Drivers/STM32H7xx_HAL_Driver/Src/stm32h7xx_hal_tim.o
                0x0800d1aa                HAL_TIM_PWM_Init
 .text.HAL_TIM_PWM_MspInit
                0x0800d258       0x14 ./Drivers/STM32H7xx_HAL_Driver/Src/stm32h7xx_hal_tim.o
                0x0800d258                HAL_TIM_PWM_MspInit
 .text.HAL_TIM_PWM_Start
                0x0800d26c      0x238 ./Drivers/STM32H7xx_HAL_Driver/Src/stm32h7xx_hal_tim.o
                0x0800d26c                HAL_TIM_PWM_Start
 .text.HAL_TIM_PWM_Start_DMA
                0x0800d4a4      0x468 ./Drivers/STM32H7xx_HAL_Driver/Src/stm32h7xx_hal_tim.o
                0x0800d4a4                HAL_TIM_PWM_Start_DMA
 .text.HAL_TIM_PWM_Stop_DMA
                0x0800d90c      0x1f0 ./Drivers/STM32H7xx_HAL_Driver/Src/stm32h7xx_hal_tim.o
                0x0800d90c                HAL_TIM_PWM_Stop_DMA
 .text.HAL_TIM_IRQHandler
                0x0800dafc      0x20e ./Drivers/STM32H7xx_HAL_Driver/Src/stm32h7xx_hal_tim.o
                0x0800dafc                HAL_TIM_IRQHandler
 *fill*         0x0800dd0a        0x2 
 .text.HAL_TIM_PWM_ConfigChannel
                0x0800dd0c      0x228 ./Drivers/STM32H7xx_HAL_Driver/Src/stm32h7xx_hal_tim.o
                0x0800dd0c                HAL_TIM_PWM_ConfigChannel
 .text.HAL_TIM_ConfigClockSource
                0x0800df34      0x1f0 ./Drivers/STM32H7xx_HAL_Driver/Src/stm32h7xx_hal_tim.o
                0x0800df34                HAL_TIM_ConfigClockSource
 .text.HAL_TIM_PeriodElapsedCallback
                0x0800e124       0x14 ./Drivers/STM32H7xx_HAL_Driver/Src/stm32h7xx_hal_tim.o
                0x0800e124                HAL_TIM_PeriodElapsedCallback
 .text.HAL_TIM_OC_DelayElapsedCallback
                0x0800e138       0x14 ./Drivers/STM32H7xx_HAL_Driver/Src/stm32h7xx_hal_tim.o
                0x0800e138                HAL_TIM_OC_DelayElapsedCallback
 .text.HAL_TIM_IC_CaptureCallback
                0x0800e14c       0x14 ./Drivers/STM32H7xx_HAL_Driver/Src/stm32h7xx_hal_tim.o
                0x0800e14c                HAL_TIM_IC_CaptureCallback
 .text.HAL_TIM_PWM_PulseFinishedHalfCpltCallback
                0x0800e160       0x14 ./Drivers/STM32H7xx_HAL_Driver/Src/stm32h7xx_hal_tim.o
                0x0800e160                HAL_TIM_PWM_PulseFinishedHalfCpltCallback
 .text.HAL_TIM_TriggerCallback
                0x0800e174       0x14 ./Drivers/STM32H7xx_HAL_Driver/Src/stm32h7xx_hal_tim.o
                0x0800e174                HAL_TIM_TriggerCallback
 .text.HAL_TIM_ErrorCallback
                0x0800e188       0x14 ./Drivers/STM32H7xx_HAL_Driver/Src/stm32h7xx_hal_tim.o
                0x0800e188                HAL_TIM_ErrorCallback
 .text.TIM_DMAError
                0x0800e19c       0x92 ./Drivers/STM32H7xx_HAL_Driver/Src/stm32h7xx_hal_tim.o
                0x0800e19c                TIM_DMAError
 .text.TIM_DMADelayPulseCplt
                0x0800e22e       0xa8 ./Drivers/STM32H7xx_HAL_Driver/Src/stm32h7xx_hal_tim.o
 .text.TIM_DMADelayPulseHalfCplt
                0x0800e2d6       0x68 ./Drivers/STM32H7xx_HAL_Driver/Src/stm32h7xx_hal_tim.o
                0x0800e2d6                TIM_DMADelayPulseHalfCplt
 *fill*         0x0800e33e        0x2 
 .text.TIM_Base_SetConfig
                0x0800e340      0x158 ./Drivers/STM32H7xx_HAL_Driver/Src/stm32h7xx_hal_tim.o
                0x0800e340                TIM_Base_SetConfig
 .text.TIM_OC1_SetConfig
                0x0800e498      0x120 ./Drivers/STM32H7xx_HAL_Driver/Src/stm32h7xx_hal_tim.o
 .text.TIM_OC2_SetConfig
                0x0800e5b8      0x114 ./Drivers/STM32H7xx_HAL_Driver/Src/stm32h7xx_hal_tim.o
                0x0800e5b8                TIM_OC2_SetConfig
 .text.TIM_OC3_SetConfig
                0x0800e6cc      0x110 ./Drivers/STM32H7xx_HAL_Driver/Src/stm32h7xx_hal_tim.o
 .text.TIM_OC4_SetConfig
                0x0800e7dc       0xd4 ./Drivers/STM32H7xx_HAL_Driver/Src/stm32h7xx_hal_tim.o
 .text.TIM_OC5_SetConfig
                0x0800e8b0       0xc8 ./Drivers/STM32H7xx_HAL_Driver/Src/stm32h7xx_hal_tim.o
 .text.TIM_OC6_SetConfig
                0x0800e978       0xcc ./Drivers/STM32H7xx_HAL_Driver/Src/stm32h7xx_hal_tim.o
 .text.TIM_TI1_ConfigInputStage
                0x0800ea44       0x5e ./Drivers/STM32H7xx_HAL_Driver/Src/stm32h7xx_hal_tim.o
 .text.TIM_TI2_ConfigInputStage
                0x0800eaa2       0x60 ./Drivers/STM32H7xx_HAL_Driver/Src/stm32h7xx_hal_tim.o
 *fill*         0x0800eb02        0x2 
 .text.TIM_ITRx_SetConfig
                0x0800eb04       0x3c ./Drivers/STM32H7xx_HAL_Driver/Src/stm32h7xx_hal_tim.o
 .text.TIM_ETR_SetConfig
                0x0800eb40       0x40 ./Drivers/STM32H7xx_HAL_Driver/Src/stm32h7xx_hal_tim.o
                0x0800eb40                TIM_ETR_SetConfig
 .text.TIM_CCxChannelCmd
                0x0800eb80       0x4a ./Drivers/STM32H7xx_HAL_Driver/Src/stm32h7xx_hal_tim.o
                0x0800eb80                TIM_CCxChannelCmd
 *fill*         0x0800ebca        0x2 
 .text.HAL_TIMEx_MasterConfigSynchronization
                0x0800ebcc      0x138 ./Drivers/STM32H7xx_HAL_Driver/Src/stm32h7xx_hal_tim_ex.o
                0x0800ebcc                HAL_TIMEx_MasterConfigSynchronization
 .text.HAL_TIMEx_CommutCallback
                0x0800ed04       0x14 ./Drivers/STM32H7xx_HAL_Driver/Src/stm32h7xx_hal_tim_ex.o
                0x0800ed04                HAL_TIMEx_CommutCallback
 .text.HAL_TIMEx_BreakCallback
                0x0800ed18       0x14 ./Drivers/STM32H7xx_HAL_Driver/Src/stm32h7xx_hal_tim_ex.o
                0x0800ed18                HAL_TIMEx_BreakCallback
 .text.HAL_TIMEx_Break2Callback
                0x0800ed2c       0x14 ./Drivers/STM32H7xx_HAL_Driver/Src/stm32h7xx_hal_tim_ex.o
                0x0800ed2c                HAL_TIMEx_Break2Callback
 .text.LL_GPIO_SetPinMode
                0x0800ed40       0x40 ./Drivers/STM32H7xx_HAL_Driver/Src/stm32h7xx_ll_gpio.o
 .text.LL_GPIO_SetPinOutputType
                0x0800ed80       0x30 ./Drivers/STM32H7xx_HAL_Driver/Src/stm32h7xx_ll_gpio.o
 .text.LL_GPIO_SetPinSpeed
                0x0800edb0       0x40 ./Drivers/STM32H7xx_HAL_Driver/Src/stm32h7xx_ll_gpio.o
 .text.LL_GPIO_SetPinPull
                0x0800edf0       0x40 ./Drivers/STM32H7xx_HAL_Driver/Src/stm32h7xx_ll_gpio.o
 .text.LL_GPIO_SetAFPin_0_7
                0x0800ee30       0x58 ./Drivers/STM32H7xx_HAL_Driver/Src/stm32h7xx_ll_gpio.o
 .text.LL_GPIO_SetAFPin_8_15
                0x0800ee88       0x6c ./Drivers/STM32H7xx_HAL_Driver/Src/stm32h7xx_ll_gpio.o
 .text.LL_GPIO_Init
                0x0800eef4       0xdc ./Drivers/STM32H7xx_HAL_Driver/Src/stm32h7xx_ll_gpio.o
                0x0800eef4                LL_GPIO_Init
 .text.LL_RCC_HSE_IsReady
                0x0800efd0       0x28 ./Drivers/STM32H7xx_HAL_Driver/Src/stm32h7xx_ll_rcc.o
 .text.LL_RCC_HSI_IsReady
                0x0800eff8       0x24 ./Drivers/STM32H7xx_HAL_Driver/Src/stm32h7xx_ll_rcc.o
 .text.LL_RCC_HSI_GetDivider
                0x0800f01c       0x1c ./Drivers/STM32H7xx_HAL_Driver/Src/stm32h7xx_ll_rcc.o
 .text.LL_RCC_CSI_IsReady
                0x0800f038       0x28 ./Drivers/STM32H7xx_HAL_Driver/Src/stm32h7xx_ll_rcc.o
 .text.LL_RCC_LSE_IsReady
                0x0800f060       0x24 ./Drivers/STM32H7xx_HAL_Driver/Src/stm32h7xx_ll_rcc.o
 .text.LL_RCC_GetSysClkSource
                0x0800f084       0x1c ./Drivers/STM32H7xx_HAL_Driver/Src/stm32h7xx_ll_rcc.o
 .text.LL_RCC_GetSysPrescaler
                0x0800f0a0       0x1c ./Drivers/STM32H7xx_HAL_Driver/Src/stm32h7xx_ll_rcc.o
 .text.LL_RCC_GetAHBPrescaler
                0x0800f0bc       0x1c ./Drivers/STM32H7xx_HAL_Driver/Src/stm32h7xx_ll_rcc.o
 .text.LL_RCC_GetAPB1Prescaler
                0x0800f0d8       0x1c ./Drivers/STM32H7xx_HAL_Driver/Src/stm32h7xx_ll_rcc.o
 .text.LL_RCC_GetAPB2Prescaler
                0x0800f0f4       0x1c ./Drivers/STM32H7xx_HAL_Driver/Src/stm32h7xx_ll_rcc.o
 .text.LL_RCC_GetClockSource
                0x0800f110       0x4c ./Drivers/STM32H7xx_HAL_Driver/Src/stm32h7xx_ll_rcc.o
 .text.LL_RCC_GetUSARTClockSource
                0x0800f15c       0x18 ./Drivers/STM32H7xx_HAL_Driver/Src/stm32h7xx_ll_rcc.o
 .text.LL_RCC_PLL_GetSource
                0x0800f174       0x1c ./Drivers/STM32H7xx_HAL_Driver/Src/stm32h7xx_ll_rcc.o
 .text.LL_RCC_PLL1P_IsEnabled
                0x0800f190       0x28 ./Drivers/STM32H7xx_HAL_Driver/Src/stm32h7xx_ll_rcc.o
 .text.LL_RCC_PLL1Q_IsEnabled
                0x0800f1b8       0x28 ./Drivers/STM32H7xx_HAL_Driver/Src/stm32h7xx_ll_rcc.o
 .text.LL_RCC_PLL1R_IsEnabled
                0x0800f1e0       0x28 ./Drivers/STM32H7xx_HAL_Driver/Src/stm32h7xx_ll_rcc.o
 .text.LL_RCC_PLL1FRACN_IsEnabled
                0x0800f208       0x24 ./Drivers/STM32H7xx_HAL_Driver/Src/stm32h7xx_ll_rcc.o
 .text.LL_RCC_PLL1_GetN
                0x0800f22c       0x1c ./Drivers/STM32H7xx_HAL_Driver/Src/stm32h7xx_ll_rcc.o
 .text.LL_RCC_PLL1_GetM
                0x0800f248       0x1c ./Drivers/STM32H7xx_HAL_Driver/Src/stm32h7xx_ll_rcc.o
 .text.LL_RCC_PLL1_GetP
                0x0800f264       0x20 ./Drivers/STM32H7xx_HAL_Driver/Src/stm32h7xx_ll_rcc.o
 .text.LL_RCC_PLL1_GetQ
                0x0800f284       0x20 ./Drivers/STM32H7xx_HAL_Driver/Src/stm32h7xx_ll_rcc.o
 .text.LL_RCC_PLL1_GetR
                0x0800f2a4       0x20 ./Drivers/STM32H7xx_HAL_Driver/Src/stm32h7xx_ll_rcc.o
 .text.LL_RCC_PLL1_GetFRACN
                0x0800f2c4       0x1c ./Drivers/STM32H7xx_HAL_Driver/Src/stm32h7xx_ll_rcc.o
 .text.LL_RCC_PLL2_IsReady
                0x0800f2e0       0x28 ./Drivers/STM32H7xx_HAL_Driver/Src/stm32h7xx_ll_rcc.o
 .text.LL_RCC_PLL2P_IsEnabled
                0x0800f308       0x28 ./Drivers/STM32H7xx_HAL_Driver/Src/stm32h7xx_ll_rcc.o
 .text.LL_RCC_PLL2Q_IsEnabled
                0x0800f330       0x28 ./Drivers/STM32H7xx_HAL_Driver/Src/stm32h7xx_ll_rcc.o
 .text.LL_RCC_PLL2R_IsEnabled
                0x0800f358       0x28 ./Drivers/STM32H7xx_HAL_Driver/Src/stm32h7xx_ll_rcc.o
 .text.LL_RCC_PLL2FRACN_IsEnabled
                0x0800f380       0x24 ./Drivers/STM32H7xx_HAL_Driver/Src/stm32h7xx_ll_rcc.o
 .text.LL_RCC_PLL2_GetN
                0x0800f3a4       0x1c ./Drivers/STM32H7xx_HAL_Driver/Src/stm32h7xx_ll_rcc.o
 .text.LL_RCC_PLL2_GetM
                0x0800f3c0       0x1c ./Drivers/STM32H7xx_HAL_Driver/Src/stm32h7xx_ll_rcc.o
 .text.LL_RCC_PLL2_GetP
                0x0800f3dc       0x20 ./Drivers/STM32H7xx_HAL_Driver/Src/stm32h7xx_ll_rcc.o
 .text.LL_RCC_PLL2_GetQ
                0x0800f3fc       0x20 ./Drivers/STM32H7xx_HAL_Driver/Src/stm32h7xx_ll_rcc.o
 .text.LL_RCC_PLL2_GetR
                0x0800f41c       0x20 ./Drivers/STM32H7xx_HAL_Driver/Src/stm32h7xx_ll_rcc.o
 .text.LL_RCC_PLL2_GetFRACN
                0x0800f43c       0x1c ./Drivers/STM32H7xx_HAL_Driver/Src/stm32h7xx_ll_rcc.o
 .text.LL_RCC_PLL3_IsReady
                0x0800f458       0x28 ./Drivers/STM32H7xx_HAL_Driver/Src/stm32h7xx_ll_rcc.o
 .text.LL_RCC_PLL3P_IsEnabled
                0x0800f480       0x28 ./Drivers/STM32H7xx_HAL_Driver/Src/stm32h7xx_ll_rcc.o
 .text.LL_RCC_PLL3Q_IsEnabled
                0x0800f4a8       0x28 ./Drivers/STM32H7xx_HAL_Driver/Src/stm32h7xx_ll_rcc.o
 .text.LL_RCC_PLL3R_IsEnabled
                0x0800f4d0       0x28 ./Drivers/STM32H7xx_HAL_Driver/Src/stm32h7xx_ll_rcc.o
 .text.LL_RCC_PLL3FRACN_IsEnabled
                0x0800f4f8       0x28 ./Drivers/STM32H7xx_HAL_Driver/Src/stm32h7xx_ll_rcc.o
 .text.LL_RCC_PLL3_GetN
                0x0800f520       0x1c ./Drivers/STM32H7xx_HAL_Driver/Src/stm32h7xx_ll_rcc.o
 .text.LL_RCC_PLL3_GetM
                0x0800f53c       0x1c ./Drivers/STM32H7xx_HAL_Driver/Src/stm32h7xx_ll_rcc.o
 .text.LL_RCC_PLL3_GetP
                0x0800f558       0x20 ./Drivers/STM32H7xx_HAL_Driver/Src/stm32h7xx_ll_rcc.o
 .text.LL_RCC_PLL3_GetQ
                0x0800f578       0x20 ./Drivers/STM32H7xx_HAL_Driver/Src/stm32h7xx_ll_rcc.o
 .text.LL_RCC_PLL3_GetR
                0x0800f598       0x20 ./Drivers/STM32H7xx_HAL_Driver/Src/stm32h7xx_ll_rcc.o
 .text.LL_RCC_PLL3_GetFRACN
                0x0800f5b8       0x1c ./Drivers/STM32H7xx_HAL_Driver/Src/stm32h7xx_ll_rcc.o
 .text.LL_RCC_GetPLL1ClockFreq
                0x0800f5d4      0x130 ./Drivers/STM32H7xx_HAL_Driver/Src/stm32h7xx_ll_rcc.o
                0x0800f5d4                LL_RCC_GetPLL1ClockFreq
 .text.LL_RCC_GetPLL2ClockFreq
                0x0800f704      0x130 ./Drivers/STM32H7xx_HAL_Driver/Src/stm32h7xx_ll_rcc.o
                0x0800f704                LL_RCC_GetPLL2ClockFreq
 .text.LL_RCC_GetPLL3ClockFreq
                0x0800f834      0x134 ./Drivers/STM32H7xx_HAL_Driver/Src/stm32h7xx_ll_rcc.o
                0x0800f834                LL_RCC_GetPLL3ClockFreq
 .text.LL_RCC_CalcPLLClockFreq
                0x0800f968       0x80 ./Drivers/STM32H7xx_HAL_Driver/Src/stm32h7xx_ll_rcc.o
                0x0800f968                LL_RCC_CalcPLLClockFreq
 .text.LL_RCC_GetUSARTClockFreq
                0x0800f9e8      0x1dc ./Drivers/STM32H7xx_HAL_Driver/Src/stm32h7xx_ll_rcc.o
                0x0800f9e8                LL_RCC_GetUSARTClockFreq
 .text.RCC_GetSystemClockFreq
                0x0800fbc4       0xc4 ./Drivers/STM32H7xx_HAL_Driver/Src/stm32h7xx_ll_rcc.o
 .text.RCC_GetHCLKClockFreq
                0x0800fc88       0x2c ./Drivers/STM32H7xx_HAL_Driver/Src/stm32h7xx_ll_rcc.o
 .text.RCC_GetPCLK1ClockFreq
                0x0800fcb4       0x30 ./Drivers/STM32H7xx_HAL_Driver/Src/stm32h7xx_ll_rcc.o
 .text.RCC_GetPCLK2ClockFreq
                0x0800fce4       0x30 ./Drivers/STM32H7xx_HAL_Driver/Src/stm32h7xx_ll_rcc.o
 .text.LL_SPI_IsEnabled
                0x0800fd14       0x26 ./Drivers/STM32H7xx_HAL_Driver/Src/stm32h7xx_ll_spi.o
 .text.LL_SPI_SetInternalSSLevel
                0x0800fd3a       0x26 ./Drivers/STM32H7xx_HAL_Driver/Src/stm32h7xx_ll_spi.o
 .text.LL_SPI_GetNSSPolarity
                0x0800fd60       0x1c ./Drivers/STM32H7xx_HAL_Driver/Src/stm32h7xx_ll_spi.o
 .text.LL_SPI_SetCRCPolynomial
                0x0800fd7c       0x1c ./Drivers/STM32H7xx_HAL_Driver/Src/stm32h7xx_ll_spi.o
 .text.LL_SPI_Init
                0x0800fd98       0xfc ./Drivers/STM32H7xx_HAL_Driver/Src/stm32h7xx_ll_spi.o
                0x0800fd98                LL_SPI_Init
 .text.LL_TIM_SetPrescaler
                0x0800fe94       0x1c ./Drivers/STM32H7xx_HAL_Driver/Src/stm32h7xx_ll_tim.o
 .text.LL_TIM_SetAutoReload
                0x0800feb0       0x1c ./Drivers/STM32H7xx_HAL_Driver/Src/stm32h7xx_ll_tim.o
 .text.LL_TIM_SetRepetitionCounter
                0x0800fecc       0x1c ./Drivers/STM32H7xx_HAL_Driver/Src/stm32h7xx_ll_tim.o
 .text.LL_TIM_GenerateEvent_UPDATE
                0x0800fee8       0x20 ./Drivers/STM32H7xx_HAL_Driver/Src/stm32h7xx_ll_tim.o
 .text.LL_TIM_Init
                0x0800ff08      0x140 ./Drivers/STM32H7xx_HAL_Driver/Src/stm32h7xx_ll_tim.o
                0x0800ff08                LL_TIM_Init
 .text.LL_USART_IsEnabled
                0x08010048       0x26 ./Drivers/STM32H7xx_HAL_Driver/Src/stm32h7xx_ll_usart.o
 .text.LL_USART_SetPrescaler
                0x0801006e       0x28 ./Drivers/STM32H7xx_HAL_Driver/Src/stm32h7xx_ll_usart.o
 .text.LL_USART_SetStopBitsLength
                0x08010096       0x26 ./Drivers/STM32H7xx_HAL_Driver/Src/stm32h7xx_ll_usart.o
 .text.LL_USART_SetHWFlowCtrl
                0x080100bc       0x26 ./Drivers/STM32H7xx_HAL_Driver/Src/stm32h7xx_ll_usart.o
 *fill*         0x080100e2        0x2 
 .text.LL_USART_SetBaudRate
                0x080100e4       0xa0 ./Drivers/STM32H7xx_HAL_Driver/Src/stm32h7xx_ll_usart.o
 .text.LL_USART_Init
                0x08010184      0x184 ./Drivers/STM32H7xx_HAL_Driver/Src/stm32h7xx_ll_usart.o
                0x08010184                LL_USART_Init
 .text.__cvt    0x08010308       0xa8 /opt/st/stm32cubeide_1.19.0/plugins/com.st.stm32cube.ide.mcu.externaltools.gnu-tools-for-stm32.13.3.rel1.linux64_1.0.0.202410170706/tools/bin/../lib/gcc/arm-none-eabi/13.3.1/../../../../arm-none-eabi/lib/thumb/v7e-m+dp/hard/libc_nano.a(libc_a-nano-vfprintf_float.o)
                0x08010308                __cvt
 .text.__exponent
                0x080103b0       0x74 /opt/st/stm32cubeide_1.19.0/plugins/com.st.stm32cube.ide.mcu.externaltools.gnu-tools-for-stm32.13.3.rel1.linux64_1.0.0.202410170706/tools/bin/../lib/gcc/arm-none-eabi/13.3.1/../../../../arm-none-eabi/lib/thumb/v7e-m+dp/hard/libc_nano.a(libc_a-nano-vfprintf_float.o)
                0x080103b0                __exponent
 *fill*         0x08010424        0x4 
 .text._printf_float
                0x08010428      0x434 /opt/st/stm32cubeide_1.19.0/plugins/com.st.stm32cube.ide.mcu.externaltools.gnu-tools-for-stm32.13.3.rel1.linux64_1.0.0.202410170706/tools/bin/../lib/gcc/arm-none-eabi/13.3.1/../../../../arm-none-eabi/lib/thumb/v7e-m+dp/hard/libc_nano.a(libc_a-nano-vfprintf_float.o)
                0x08010428                _printf_float
 .text._printf_common
                0x0801085c       0xda /opt/st/stm32cubeide_1.19.0/plugins/com.st.stm32cube.ide.mcu.externaltools.gnu-tools-for-stm32.13.3.rel1.linux64_1.0.0.202410170706/tools/bin/../lib/gcc/arm-none-eabi/13.3.1/../../../../arm-none-eabi/lib/thumb/v7e-m+dp/hard/libc_nano.a(libc_a-nano-vfprintf_i.o)
                0x0801085c                _printf_common
 *fill*         0x08010936        0x2 
 .text._printf_i
                0x08010938      0x23c /opt/st/stm32cubeide_1.19.0/plugins/com.st.stm32cube.ide.mcu.externaltools.gnu-tools-for-stm32.13.3.rel1.linux64_1.0.0.202410170706/tools/bin/../lib/gcc/arm-none-eabi/13.3.1/../../../../arm-none-eabi/lib/thumb/v7e-m+dp/hard/libc_nano.a(libc_a-nano-vfprintf_i.o)
                0x08010938                _printf_i
 .text.std      0x08010b74       0x6c /opt/st/stm32cubeide_1.19.0/plugins/com.st.stm32cube.ide.mcu.externaltools.gnu-tools-for-stm32.13.3.rel1.linux64_1.0.0.202410170706/tools/bin/../lib/gcc/arm-none-eabi/13.3.1/../../../../arm-none-eabi/lib/thumb/v7e-m+dp/hard/libc_nano.a(libc_a-findfp.o)
 .text.stdio_exit_handler
                0x08010be0       0x18 /opt/st/stm32cubeide_1.19.0/plugins/com.st.stm32cube.ide.mcu.externaltools.gnu-tools-for-stm32.13.3.rel1.linux64_1.0.0.202410170706/tools/bin/../lib/gcc/arm-none-eabi/13.3.1/../../../../arm-none-eabi/lib/thumb/v7e-m+dp/hard/libc_nano.a(libc_a-findfp.o)
 .text.cleanup_stdio
                0x08010bf8       0x40 /opt/st/stm32cubeide_1.19.0/plugins/com.st.stm32cube.ide.mcu.externaltools.gnu-tools-for-stm32.13.3.rel1.linux64_1.0.0.202410170706/tools/bin/../lib/gcc/arm-none-eabi/13.3.1/../../../../arm-none-eabi/lib/thumb/v7e-m+dp/hard/libc_nano.a(libc_a-findfp.o)
 .text.global_stdio_init.part.0
                0x08010c38       0x3c /opt/st/stm32cubeide_1.19.0/plugins/com.st.stm32cube.ide.mcu.externaltools.gnu-tools-for-stm32.13.3.rel1.linux64_1.0.0.202410170706/tools/bin/../lib/gcc/arm-none-eabi/13.3.1/../../../../arm-none-eabi/lib/thumb/v7e-m+dp/hard/libc_nano.a(libc_a-findfp.o)
 .text.__sfp_lock_acquire
                0x08010c74        0xc /opt/st/stm32cubeide_1.19.0/plugins/com.st.stm32cube.ide.mcu.externaltools.gnu-tools-for-stm32.13.3.rel1.linux64_1.0.0.202410170706/tools/bin/../lib/gcc/arm-none-eabi/13.3.1/../../../../arm-none-eabi/lib/thumb/v7e-m+dp/hard/libc_nano.a(libc_a-findfp.o)
                0x08010c74                __sfp_lock_acquire
 .text.__sfp_lock_release
                0x08010c80        0xc /opt/st/stm32cubeide_1.19.0/plugins/com.st.stm32cube.ide.mcu.externaltools.gnu-tools-for-stm32.13.3.rel1.linux64_1.0.0.202410170706/tools/bin/../lib/gcc/arm-none-eabi/13.3.1/../../../../arm-none-eabi/lib/thumb/v7e-m+dp/hard/libc_nano.a(libc_a-findfp.o)
                0x08010c80                __sfp_lock_release
 .text.__sinit  0x08010c8c       0x30 /opt/st/stm32cubeide_1.19.0/plugins/com.st.stm32cube.ide.mcu.externaltools.gnu-tools-for-stm32.13.3.rel1.linux64_1.0.0.202410170706/tools/bin/../lib/gcc/arm-none-eabi/13.3.1/../../../../arm-none-eabi/lib/thumb/v7e-m+dp/hard/libc_nano.a(libc_a-findfp.o)
                0x08010c8c                __sinit
 .text._fwalk_sglue
                0x08010cbc       0x3c /opt/st/stm32cubeide_1.19.0/plugins/com.st.stm32cube.ide.mcu.externaltools.gnu-tools-for-stm32.13.3.rel1.linux64_1.0.0.202410170706/tools/bin/../lib/gcc/arm-none-eabi/13.3.1/../../../../arm-none-eabi/lib/thumb/v7e-m+dp/hard/libc_nano.a(libc_a-fwalk.o)
                0x08010cbc                _fwalk_sglue
 .text.printf   0x08010cf8       0x24 /opt/st/stm32cubeide_1.19.0/plugins/com.st.stm32cube.ide.mcu.externaltools.gnu-tools-for-stm32.13.3.rel1.linux64_1.0.0.202410170706/tools/bin/../lib/gcc/arm-none-eabi/13.3.1/../../../../arm-none-eabi/lib/thumb/v7e-m+dp/hard/libc_nano.a(libc_a-printf.o)
                0x08010cf8                printf
                0x08010cf8                iprintf
 .text.putchar  0x08010d1c       0x10 /opt/st/stm32cubeide_1.19.0/plugins/com.st.stm32cube.ide.mcu.externaltools.gnu-tools-for-stm32.13.3.rel1.linux64_1.0.0.202410170706/tools/bin/../lib/gcc/arm-none-eabi/13.3.1/../../../../arm-none-eabi/lib/thumb/v7e-m+dp/hard/libc_nano.a(libc_a-putchar.o)
                0x08010d1c                putchar
 .text._puts_r  0x08010d2c       0xaa /opt/st/stm32cubeide_1.19.0/plugins/com.st.stm32cube.ide.mcu.externaltools.gnu-tools-for-stm32.13.3.rel1.linux64_1.0.0.202410170706/tools/bin/../lib/gcc/arm-none-eabi/13.3.1/../../../../arm-none-eabi/lib/thumb/v7e-m+dp/hard/libc_nano.a(libc_a-puts.o)
                0x08010d2c                _puts_r
 *fill*         0x08010dd6        0x2 
 .text.puts     0x08010dd8       0x10 /opt/st/stm32cubeide_1.19.0/plugins/com.st.stm32cube.ide.mcu.externaltools.gnu-tools-for-stm32.13.3.rel1.linux64_1.0.0.202410170706/tools/bin/../lib/gcc/arm-none-eabi/13.3.1/../../../../arm-none-eabi/lib/thumb/v7e-m+dp/hard/libc_nano.a(libc_a-puts.o)
                0x08010dd8                puts
 .text.sscanf   0x08010de8       0x58 /opt/st/stm32cubeide_1.19.0/plugins/com.st.stm32cube.ide.mcu.externaltools.gnu-tools-for-stm32.13.3.rel1.linux64_1.0.0.202410170706/tools/bin/../lib/gcc/arm-none-eabi/13.3.1/../../../../arm-none-eabi/lib/thumb/v7e-m+dp/hard/libc_nano.a(libc_a-sscanf.o)
                0x08010de8                sscanf
                0x08010de8                siscanf
 .text.__sread  0x08010e40       0x22 /opt/st/stm32cubeide_1.19.0/plugins/com.st.stm32cube.ide.mcu.externaltools.gnu-tools-for-stm32.13.3.rel1.linux64_1.0.0.202410170706/tools/bin/../lib/gcc/arm-none-eabi/13.3.1/../../../../arm-none-eabi/lib/thumb/v7e-m+dp/hard/libc_nano.a(libc_a-stdio.o)
                0x08010e40                __sread
 .text.__seofread
                0x08010e62        0x4 /opt/st/stm32cubeide_1.19.0/plugins/com.st.stm32cube.ide.mcu.externaltools.gnu-tools-for-stm32.13.3.rel1.linux64_1.0.0.202410170706/tools/bin/../lib/gcc/arm-none-eabi/13.3.1/../../../../arm-none-eabi/lib/thumb/v7e-m+dp/hard/libc_nano.a(libc_a-stdio.o)
                0x08010e62                __seofread
 .text.__swrite
                0x08010e66       0x38 /opt/st/stm32cubeide_1.19.0/plugins/com.st.stm32cube.ide.mcu.externaltools.gnu-tools-for-stm32.13.3.rel1.linux64_1.0.0.202410170706/tools/bin/../lib/gcc/arm-none-eabi/13.3.1/../../../../arm-none-eabi/lib/thumb/v7e-m+dp/hard/libc_nano.a(libc_a-stdio.o)
                0x08010e66                __swrite
 .text.__sseek  0x08010e9e       0x24 /opt/st/stm32cubeide_1.19.0/plugins/com.st.stm32cube.ide.mcu.externaltools.gnu-tools-for-stm32.13.3.rel1.linux64_1.0.0.202410170706/tools/bin/../lib/gcc/arm-none-eabi/13.3.1/../../../../arm-none-eabi/lib/thumb/v7e-m+dp/hard/libc_nano.a(libc_a-stdio.o)
                0x08010e9e                __sseek
 .text.__sclose
                0x08010ec2        0x8 /opt/st/stm32cubeide_1.19.0/plugins/com.st.stm32cube.ide.mcu.externaltools.gnu-tools-for-stm32.13.3.rel1.linux64_1.0.0.202410170706/tools/bin/../lib/gcc/arm-none-eabi/13.3.1/../../../../arm-none-eabi/lib/thumb/v7e-m+dp/hard/libc_nano.a(libc_a-stdio.o)
                0x08010ec2                __sclose
 .text.__swbuf_r
                0x08010eca       0x7c /opt/st/stm32cubeide_1.19.0/plugins/com.st.stm32cube.ide.mcu.externaltools.gnu-tools-for-stm32.13.3.rel1.linux64_1.0.0.202410170706/tools/bin/../lib/gcc/arm-none-eabi/13.3.1/../../../../arm-none-eabi/lib/thumb/v7e-m+dp/hard/libc_nano.a(libc_a-wbuf.o)
                0x08010eca                __swbuf_r
 *fill*         0x08010f46        0x2 
 .text.__swsetup_r
                0x08010f48       0xac /opt/st/stm32cubeide_1.19.0/plugins/com.st.stm32cube.ide.mcu.externaltools.gnu-tools-for-stm32.13.3.rel1.linux64_1.0.0.202410170706/tools/bin/../lib/gcc/arm-none-eabi/13.3.1/../../../../arm-none-eabi/lib/thumb/v7e-m+dp/hard/libc_nano.a(libc_a-wsetup.o)
                0x08010f48                __swsetup_r
 .text.memmove  0x08010ff4       0x34 /opt/st/stm32cubeide_1.19.0/plugins/com.st.stm32cube.ide.mcu.externaltools.gnu-tools-for-stm32.13.3.rel1.linux64_1.0.0.202410170706/tools/bin/../lib/gcc/arm-none-eabi/13.3.1/../../../../arm-none-eabi/lib/thumb/v7e-m+dp/hard/libc_nano.a(libc_a-memmove.o)
                0x08010ff4                memmove
 .text.memset   0x08011028       0x10 /opt/st/stm32cubeide_1.19.0/plugins/com.st.stm32cube.ide.mcu.externaltools.gnu-tools-for-stm32.13.3.rel1.linux64_1.0.0.202410170706/tools/bin/../lib/gcc/arm-none-eabi/13.3.1/../../../../arm-none-eabi/lib/thumb/v7e-m+dp/hard/libc_nano.a(libc_a-memset.o)
                0x08011028                memset
 .text.strchr   0x08011038       0x1a /opt/st/stm32cubeide_1.19.0/plugins/com.st.stm32cube.ide.mcu.externaltools.gnu-tools-for-stm32.13.3.rel1.linux64_1.0.0.202410170706/tools/bin/../lib/gcc/arm-none-eabi/13.3.1/../../../../arm-none-eabi/lib/thumb/v7e-m+dp/hard/libc_nano.a(libc_a-strchr.o)
                0x08011038                strchr
 .text.strncmp  0x08011052       0x24 /opt/st/stm32cubeide_1.19.0/plugins/com.st.stm32cube.ide.mcu.externaltools.gnu-tools-for-stm32.13.3.rel1.linux64_1.0.0.202410170706/tools/bin/../lib/gcc/arm-none-eabi/13.3.1/../../../../arm-none-eabi/lib/thumb/v7e-m+dp/hard/libc_nano.a(libc_a-strncmp.o)
                0x08011052                strncmp
 *fill*         0x08011076        0x2 
 .text._localeconv_r
                0x08011078        0x8 /opt/st/stm32cubeide_1.19.0/plugins/com.st.stm32cube.ide.mcu.externaltools.gnu-tools-for-stm32.13.3.rel1.linux64_1.0.0.202410170706/tools/bin/../lib/gcc/arm-none-eabi/13.3.1/../../../../arm-none-eabi/lib/thumb/v7e-m+dp/hard/libc_nano.a(libc_a-localeconv.o)
                0x08011078                _localeconv_r
 .text._close_r
                0x08011080       0x20 /opt/st/stm32cubeide_1.19.0/plugins/com.st.stm32cube.ide.mcu.externaltools.gnu-tools-for-stm32.13.3.rel1.linux64_1.0.0.202410170706/tools/bin/../lib/gcc/arm-none-eabi/13.3.1/../../../../arm-none-eabi/lib/thumb/v7e-m+dp/hard/libc_nano.a(libc_a-closer.o)
                0x08011080                _close_r
 .text._lseek_r
                0x080110a0       0x24 /opt/st/stm32cubeide_1.19.0/plugins/com.st.stm32cube.ide.mcu.externaltools.gnu-tools-for-stm32.13.3.rel1.linux64_1.0.0.202410170706/tools/bin/../lib/gcc/arm-none-eabi/13.3.1/../../../../arm-none-eabi/lib/thumb/v7e-m+dp/hard/libc_nano.a(libc_a-lseekr.o)
                0x080110a0                _lseek_r
 .text._read_r  0x080110c4       0x24 /opt/st/stm32cubeide_1.19.0/plugins/com.st.stm32cube.ide.mcu.externaltools.gnu-tools-for-stm32.13.3.rel1.linux64_1.0.0.202410170706/tools/bin/../lib/gcc/arm-none-eabi/13.3.1/../../../../arm-none-eabi/lib/thumb/v7e-m+dp/hard/libc_nano.a(libc_a-readr.o)
                0x080110c4                _read_r
 .text._write_r
                0x080110e8       0x24 /opt/st/stm32cubeide_1.19.0/plugins/com.st.stm32cube.ide.mcu.externaltools.gnu-tools-for-stm32.13.3.rel1.linux64_1.0.0.202410170706/tools/bin/../lib/gcc/arm-none-eabi/13.3.1/../../../../arm-none-eabi/lib/thumb/v7e-m+dp/hard/libc_nano.a(libc_a-writer.o)
                0x080110e8                _write_r
 .text.__errno  0x0801110c        0xc /opt/st/stm32cubeide_1.19.0/plugins/com.st.stm32cube.ide.mcu.externaltools.gnu-tools-for-stm32.13.3.rel1.linux64_1.0.0.202410170706/tools/bin/../lib/gcc/arm-none-eabi/13.3.1/../../../../arm-none-eabi/lib/thumb/v7e-m+dp/hard/libc_nano.a(libc_a-errno.o)
                0x0801110c                __errno
 .text.__libc_init_array
                0x08011118       0x48 /opt/st/stm32cubeide_1.19.0/plugins/com.st.stm32cube.ide.mcu.externaltools.gnu-tools-for-stm32.13.3.rel1.linux64_1.0.0.202410170706/tools/bin/../lib/gcc/arm-none-eabi/13.3.1/../../../../arm-none-eabi/lib/thumb/v7e-m+dp/hard/libc_nano.a(libc_a-init.o)
                0x08011118                __libc_init_array
 .text.__retarget_lock_init_recursive
                0x08011160        0x2 /opt/st/stm32cubeide_1.19.0/plugins/com.st.stm32cube.ide.mcu.externaltools.gnu-tools-for-stm32.13.3.rel1.linux64_1.0.0.202410170706/tools/bin/../lib/gcc/arm-none-eabi/13.3.1/../../../../arm-none-eabi/lib/thumb/v7e-m+dp/hard/libc_nano.a(libc_a-lock.o)
                0x08011160                __retarget_lock_init_recursive
 .text.__retarget_lock_acquire_recursive
                0x08011162        0x2 /opt/st/stm32cubeide_1.19.0/plugins/com.st.stm32cube.ide.mcu.externaltools.gnu-tools-for-stm32.13.3.rel1.linux64_1.0.0.202410170706/tools/bin/../lib/gcc/arm-none-eabi/13.3.1/../../../../arm-none-eabi/lib/thumb/v7e-m+dp/hard/libc_nano.a(libc_a-lock.o)
                0x08011162                __retarget_lock_acquire_recursive
 .text.__retarget_lock_release_recursive
                0x08011164        0x2 /opt/st/stm32cubeide_1.19.0/plugins/com.st.stm32cube.ide.mcu.externaltools.gnu-tools-for-stm32.13.3.rel1.linux64_1.0.0.202410170706/tools/bin/../lib/gcc/arm-none-eabi/13.3.1/../../../../arm-none-eabi/lib/thumb/v7e-m+dp/hard/libc_nano.a(libc_a-lock.o)
                0x08011164                __retarget_lock_release_recursive
 .text.memcpy   0x08011166       0x1c /opt/st/stm32cubeide_1.19.0/plugins/com.st.stm32cube.ide.mcu.externaltools.gnu-tools-for-stm32.13.3.rel1.linux64_1.0.0.202410170706/tools/bin/../lib/gcc/arm-none-eabi/13.3.1/../../../../arm-none-eabi/lib/thumb/v7e-m+dp/hard/libc_nano.a(libc_a-memcpy-stub.o)
                0x08011166                memcpy
 .text.quorem   0x08011182      0x110 /opt/st/stm32cubeide_1.19.0/plugins/com.st.stm32cube.ide.mcu.externaltools.gnu-tools-for-stm32.13.3.rel1.linux64_1.0.0.202410170706/tools/bin/../lib/gcc/arm-none-eabi/13.3.1/../../../../arm-none-eabi/lib/thumb/v7e-m+dp/hard/libc_nano.a(libc_a-dtoa.o)
 *fill*         0x08011292        0x6 
 .text._dtoa_r  0x08011298      0xabc /opt/st/stm32cubeide_1.19.0/plugins/com.st.stm32cube.ide.mcu.externaltools.gnu-tools-for-stm32.13.3.rel1.linux64_1.0.0.202410170706/tools/bin/../lib/gcc/arm-none-eabi/13.3.1/../../../../arm-none-eabi/lib/thumb/v7e-m+dp/hard/libc_nano.a(libc_a-dtoa.o)
                0x08011298                _dtoa_r
 .text._free_r  0x08011d54       0x94 /opt/st/stm32cubeide_1.19.0/plugins/com.st.stm32cube.ide.mcu.externaltools.gnu-tools-for-stm32.13.3.rel1.linux64_1.0.0.202410170706/tools/bin/../lib/gcc/arm-none-eabi/13.3.1/../../../../arm-none-eabi/lib/thumb/v7e-m+dp/hard/libc_nano.a(libc_a-freer.o)
                0x08011d54                _free_r
 .text.malloc   0x08011de8       0x10 /opt/st/stm32cubeide_1.19.0/plugins/com.st.stm32cube.ide.mcu.externaltools.gnu-tools-for-stm32.13.3.rel1.linux64_1.0.0.202410170706/tools/bin/../lib/gcc/arm-none-eabi/13.3.1/../../../../arm-none-eabi/lib/thumb/v7e-m+dp/hard/libc_nano.a(libc_a-malloc.o)
                0x08011de8                malloc
 .text.sbrk_aligned
                0x08011df8       0x44 /opt/st/stm32cubeide_1.19.0/plugins/com.st.stm32cube.ide.mcu.externaltools.gnu-tools-for-stm32.13.3.rel1.linux64_1.0.0.202410170706/tools/bin/../lib/gcc/arm-none-eabi/13.3.1/../../../../arm-none-eabi/lib/thumb/v7e-m+dp/hard/libc_nano.a(libc_a-mallocr.o)
 .text._malloc_r
                0x08011e3c      0x100 /opt/st/stm32cubeide_1.19.0/plugins/com.st.stm32cube.ide.mcu.externaltools.gnu-tools-for-stm32.13.3.rel1.linux64_1.0.0.202410170706/tools/bin/../lib/gcc/arm-none-eabi/13.3.1/../../../../arm-none-eabi/lib/thumb/v7e-m+dp/hard/libc_nano.a(libc_a-mallocr.o)
                0x08011e3c                _malloc_r
 .text.__malloc_lock
                0x08011f3c        0xc /opt/st/stm32cubeide_1.19.0/plugins/com.st.stm32cube.ide.mcu.externaltools.gnu-tools-for-stm32.13.3.rel1.linux64_1.0.0.202410170706/tools/bin/../lib/gcc/arm-none-eabi/13.3.1/../../../../arm-none-eabi/lib/thumb/v7e-m+dp/hard/libc_nano.a(libc_a-mlock.o)
                0x08011f3c                __malloc_lock
 .text.__malloc_unlock
                0x08011f48        0xc /opt/st/stm32cubeide_1.19.0/plugins/com.st.stm32cube.ide.mcu.externaltools.gnu-tools-for-stm32.13.3.rel1.linux64_1.0.0.202410170706/tools/bin/../lib/gcc/arm-none-eabi/13.3.1/../../../../arm-none-eabi/lib/thumb/v7e-m+dp/hard/libc_nano.a(libc_a-mlock.o)
                0x08011f48                __malloc_unlock
 .text._Balloc  0x08011f54       0x80 /opt/st/stm32cubeide_1.19.0/plugins/com.st.stm32cube.ide.mcu.externaltools.gnu-tools-for-stm32.13.3.rel1.linux64_1.0.0.202410170706/tools/bin/../lib/gcc/arm-none-eabi/13.3.1/../../../../arm-none-eabi/lib/thumb/v7e-m+dp/hard/libc_nano.a(libc_a-mprec.o)
                0x08011f54                _Balloc
 .text._Bfree   0x08011fd4       0x44 /opt/st/stm32cubeide_1.19.0/plugins/com.st.stm32cube.ide.mcu.externaltools.gnu-tools-for-stm32.13.3.rel1.linux64_1.0.0.202410170706/tools/bin/../lib/gcc/arm-none-eabi/13.3.1/../../../../arm-none-eabi/lib/thumb/v7e-m+dp/hard/libc_nano.a(libc_a-mprec.o)
                0x08011fd4                _Bfree
 .text.__multadd
                0x08012018       0x8c /opt/st/stm32cubeide_1.19.0/plugins/com.st.stm32cube.ide.mcu.externaltools.gnu-tools-for-stm32.13.3.rel1.linux64_1.0.0.202410170706/tools/bin/../lib/gcc/arm-none-eabi/13.3.1/../../../../arm-none-eabi/lib/thumb/v7e-m+dp/hard/libc_nano.a(libc_a-mprec.o)
                0x08012018                __multadd
 .text.__hi0bits
                0x080120a4       0x3e /opt/st/stm32cubeide_1.19.0/plugins/com.st.stm32cube.ide.mcu.externaltools.gnu-tools-for-stm32.13.3.rel1.linux64_1.0.0.202410170706/tools/bin/../lib/gcc/arm-none-eabi/13.3.1/../../../../arm-none-eabi/lib/thumb/v7e-m+dp/hard/libc_nano.a(libc_a-mprec.o)
                0x080120a4                __hi0bits
 .text.__lo0bits
                0x080120e2       0x5a /opt/st/stm32cubeide_1.19.0/plugins/com.st.stm32cube.ide.mcu.externaltools.gnu-tools-for-stm32.13.3.rel1.linux64_1.0.0.202410170706/tools/bin/../lib/gcc/arm-none-eabi/13.3.1/../../../../arm-none-eabi/lib/thumb/v7e-m+dp/hard/libc_nano.a(libc_a-mprec.o)
                0x080120e2                __lo0bits
 .text.__i2b    0x0801213c       0x2c /opt/st/stm32cubeide_1.19.0/plugins/com.st.stm32cube.ide.mcu.externaltools.gnu-tools-for-stm32.13.3.rel1.linux64_1.0.0.202410170706/tools/bin/../lib/gcc/arm-none-eabi/13.3.1/../../../../arm-none-eabi/lib/thumb/v7e-m+dp/hard/libc_nano.a(libc_a-mprec.o)
                0x0801213c                __i2b
 .text.__multiply
                0x08012168      0x144 /opt/st/stm32cubeide_1.19.0/plugins/com.st.stm32cube.ide.mcu.externaltools.gnu-tools-for-stm32.13.3.rel1.linux64_1.0.0.202410170706/tools/bin/../lib/gcc/arm-none-eabi/13.3.1/../../../../arm-none-eabi/lib/thumb/v7e-m+dp/hard/libc_nano.a(libc_a-mprec.o)
                0x08012168                __multiply
 .text.__pow5mult
                0x080122ac       0xb4 /opt/st/stm32cubeide_1.19.0/plugins/com.st.stm32cube.ide.mcu.externaltools.gnu-tools-for-stm32.13.3.rel1.linux64_1.0.0.202410170706/tools/bin/../lib/gcc/arm-none-eabi/13.3.1/../../../../arm-none-eabi/lib/thumb/v7e-m+dp/hard/libc_nano.a(libc_a-mprec.o)
                0x080122ac                __pow5mult
 .text.__lshift
                0x08012360       0xd8 /opt/st/stm32cubeide_1.19.0/plugins/com.st.stm32cube.ide.mcu.externaltools.gnu-tools-for-stm32.13.3.rel1.linux64_1.0.0.202410170706/tools/bin/../lib/gcc/arm-none-eabi/13.3.1/../../../../arm-none-eabi/lib/thumb/v7e-m+dp/hard/libc_nano.a(libc_a-mprec.o)
                0x08012360                __lshift
 .text.__mcmp   0x08012438       0x36 /opt/st/stm32cubeide_1.19.0/plugins/com.st.stm32cube.ide.mcu.externaltools.gnu-tools-for-stm32.13.3.rel1.linux64_1.0.0.202410170706/tools/bin/../lib/gcc/arm-none-eabi/13.3.1/../../../../arm-none-eabi/lib/thumb/v7e-m+dp/hard/libc_nano.a(libc_a-mprec.o)
                0x08012438                __mcmp
 *fill*         0x0801246e        0x2 
 .text.__mdiff  0x08012470      0x128 /opt/st/stm32cubeide_1.19.0/plugins/com.st.stm32cube.ide.mcu.externaltools.gnu-tools-for-stm32.13.3.rel1.linux64_1.0.0.202410170706/tools/bin/../lib/gcc/arm-none-eabi/13.3.1/../../../../arm-none-eabi/lib/thumb/v7e-m+dp/hard/libc_nano.a(libc_a-mprec.o)
                0x08012470                __mdiff
 .text.__d2b    0x08012598       0xb0 /opt/st/stm32cubeide_1.19.0/plugins/com.st.stm32cube.ide.mcu.externaltools.gnu-tools-for-stm32.13.3.rel1.linux64_1.0.0.202410170706/tools/bin/../lib/gcc/arm-none-eabi/13.3.1/../../../../arm-none-eabi/lib/thumb/v7e-m+dp/hard/libc_nano.a(libc_a-mprec.o)
                0x08012598                __d2b
 .text._sungetc_r
                0x08012648       0x7a /opt/st/stm32cubeide_1.19.0/plugins/com.st.stm32cube.ide.mcu.externaltools.gnu-tools-for-stm32.13.3.rel1.linux64_1.0.0.202410170706/tools/bin/../lib/gcc/arm-none-eabi/13.3.1/../../../../arm-none-eabi/lib/thumb/v7e-m+dp/hard/libc_nano.a(libc_a-nano-svfscanf.o)
                0x08012648                _sungetc_r
 .text.__ssrefill_r
                0x080126c2       0x3a /opt/st/stm32cubeide_1.19.0/plugins/com.st.stm32cube.ide.mcu.externaltools.gnu-tools-for-stm32.13.3.rel1.linux64_1.0.0.202410170706/tools/bin/../lib/gcc/arm-none-eabi/13.3.1/../../../../arm-none-eabi/lib/thumb/v7e-m+dp/hard/libc_nano.a(libc_a-nano-svfscanf.o)
                0x080126c2                __ssrefill_r
 .text.__ssvfscanf_r
                0x080126fc      0x2ec /opt/st/stm32cubeide_1.19.0/plugins/com.st.stm32cube.ide.mcu.externaltools.gnu-tools-for-stm32.13.3.rel1.linux64_1.0.0.202410170706/tools/bin/../lib/gcc/arm-none-eabi/13.3.1/../../../../arm-none-eabi/lib/thumb/v7e-m+dp/hard/libc_nano.a(libc_a-nano-svfscanf.o)
                0x080126fc                __ssvfscanf_r
                0x080126fc                __ssvfiscanf_r
 .text.__sfputc_r
                0x080129e8       0x2e /opt/st/stm32cubeide_1.19.0/plugins/com.st.stm32cube.ide.mcu.externaltools.gnu-tools-for-stm32.13.3.rel1.linux64_1.0.0.202410170706/tools/bin/../lib/gcc/arm-none-eabi/13.3.1/../../../../arm-none-eabi/lib/thumb/v7e-m+dp/hard/libc_nano.a(libc_a-nano-vfprintf.o)
 .text.__sfputs_r
                0x08012a16       0x24 /opt/st/stm32cubeide_1.19.0/plugins/com.st.stm32cube.ide.mcu.externaltools.gnu-tools-for-stm32.13.3.rel1.linux64_1.0.0.202410170706/tools/bin/../lib/gcc/arm-none-eabi/13.3.1/../../../../arm-none-eabi/lib/thumb/v7e-m+dp/hard/libc_nano.a(libc_a-nano-vfprintf.o)
                0x08012a16                __sfputs_r
 *fill*         0x08012a3a        0x2 
 .text._vfprintf_r
                0x08012a3c      0x230 /opt/st/stm32cubeide_1.19.0/plugins/com.st.stm32cube.ide.mcu.externaltools.gnu-tools-for-stm32.13.3.rel1.linux64_1.0.0.202410170706/tools/bin/../lib/gcc/arm-none-eabi/13.3.1/../../../../arm-none-eabi/lib/thumb/v7e-m+dp/hard/libc_nano.a(libc_a-nano-vfprintf.o)
                0x08012a3c                _vfiprintf_r
                0x08012a3c                _vfprintf_r
 .text._scanf_chars
                0x08012c6c       0xb4 /opt/st/stm32cubeide_1.19.0/plugins/com.st.stm32cube.ide.mcu.externaltools.gnu-tools-for-stm32.13.3.rel1.linux64_1.0.0.202410170706/tools/bin/../lib/gcc/arm-none-eabi/13.3.1/../../../../arm-none-eabi/lib/thumb/v7e-m+dp/hard/libc_nano.a(libc_a-nano-vfscanf_i.o)
                0x08012c6c                _scanf_chars
 .text._scanf_i
                0x08012d20      0x1e8 /opt/st/stm32cubeide_1.19.0/plugins/com.st.stm32cube.ide.mcu.externaltools.gnu-tools-for-stm32.13.3.rel1.linux64_1.0.0.202410170706/tools/bin/../lib/gcc/arm-none-eabi/13.3.1/../../../../arm-none-eabi/lib/thumb/v7e-m+dp/hard/libc_nano.a(libc_a-nano-vfscanf_i.o)
                0x08012d20                _scanf_i
 .text.__sflush_r
                0x08012f08      0x108 /opt/st/stm32cubeide_1.19.0/plugins/com.st.stm32cube.ide.mcu.externaltools.gnu-tools-for-stm32.13.3.rel1.linux64_1.0.0.202410170706/tools/bin/../lib/gcc/arm-none-eabi/13.3.1/../../../../arm-none-eabi/lib/thumb/v7e-m+dp/hard/libc_nano.a(libc_a-fflush.o)
                0x08012f08                __sflush_r
 .text._fflush_r
                0x08013010       0x50 /opt/st/stm32cubeide_1.19.0/plugins/com.st.stm32cube.ide.mcu.externaltools.gnu-tools-for-stm32.13.3.rel1.linux64_1.0.0.202410170706/tools/bin/../lib/gcc/arm-none-eabi/13.3.1/../../../../arm-none-eabi/lib/thumb/v7e-m+dp/hard/libc_nano.a(libc_a-fflush.o)
                0x08013010                _fflush_r
 .text.__swhatbuf_r
                0x08013060       0x4c /opt/st/stm32cubeide_1.19.0/plugins/com.st.stm32cube.ide.mcu.externaltools.gnu-tools-for-stm32.13.3.rel1.linux64_1.0.0.202410170706/tools/bin/../lib/gcc/arm-none-eabi/13.3.1/../../../../arm-none-eabi/lib/thumb/v7e-m+dp/hard/libc_nano.a(libc_a-makebuf.o)
                0x08013060                __swhatbuf_r
 .text.__smakebuf_r
                0x080130ac       0x78 /opt/st/stm32cubeide_1.19.0/plugins/com.st.stm32cube.ide.mcu.externaltools.gnu-tools-for-stm32.13.3.rel1.linux64_1.0.0.202410170706/tools/bin/../lib/gcc/arm-none-eabi/13.3.1/../../../../arm-none-eabi/lib/thumb/v7e-m+dp/hard/libc_nano.a(libc_a-makebuf.o)
                0x080130ac                __smakebuf_r
 .text._putc_r  0x08013124       0x68 /opt/st/stm32cubeide_1.19.0/plugins/com.st.stm32cube.ide.mcu.externaltools.gnu-tools-for-stm32.13.3.rel1.linux64_1.0.0.202410170706/tools/bin/../lib/gcc/arm-none-eabi/13.3.1/../../../../arm-none-eabi/lib/thumb/v7e-m+dp/hard/libc_nano.a(libc_a-putc.o)
                0x08013124                _putc_r
 .text.__sccl   0x0801318c       0x72 /opt/st/stm32cubeide_1.19.0/plugins/com.st.stm32cube.ide.mcu.externaltools.gnu-tools-for-stm32.13.3.rel1.linux64_1.0.0.202410170706/tools/bin/../lib/gcc/arm-none-eabi/13.3.1/../../../../arm-none-eabi/lib/thumb/v7e-m+dp/hard/libc_nano.a(libc_a-sccl.o)
                0x0801318c                __sccl
 .text.__submore
                0x080131fe       0x74 /opt/st/stm32cubeide_1.19.0/plugins/com.st.stm32cube.ide.mcu.externaltools.gnu-tools-for-stm32.13.3.rel1.linux64_1.0.0.202410170706/tools/bin/../lib/gcc/arm-none-eabi/13.3.1/../../../../arm-none-eabi/lib/thumb/v7e-m+dp/hard/libc_nano.a(libc_a-ungetc.o)
                0x080131fe                __submore
 *fill*         0x08013272        0x2 
 .text._fstat_r
                0x08013274       0x24 /opt/st/stm32cubeide_1.19.0/plugins/com.st.stm32cube.ide.mcu.externaltools.gnu-tools-for-stm32.13.3.rel1.linux64_1.0.0.202410170706/tools/bin/../lib/gcc/arm-none-eabi/13.3.1/../../../../arm-none-eabi/lib/thumb/v7e-m+dp/hard/libc_nano.a(libc_a-fstatr.o)
                0x08013274                _fstat_r
 .text._isatty_r
                0x08013298       0x20 /opt/st/stm32cubeide_1.19.0/plugins/com.st.stm32cube.ide.mcu.externaltools.gnu-tools-for-stm32.13.3.rel1.linux64_1.0.0.202410170706/tools/bin/../lib/gcc/arm-none-eabi/13.3.1/../../../../arm-none-eabi/lib/thumb/v7e-m+dp/hard/libc_nano.a(libc_a-isattyr.o)
                0x08013298                _isatty_r
 .text._sbrk_r  0x080132b8       0x20 /opt/st/stm32cubeide_1.19.0/plugins/com.st.stm32cube.ide.mcu.externaltools.gnu-tools-for-stm32.13.3.rel1.linux64_1.0.0.202410170706/tools/bin/../lib/gcc/arm-none-eabi/13.3.1/../../../../arm-none-eabi/lib/thumb/v7e-m+dp/hard/libc_nano.a(libc_a-sbrkr.o)
                0x080132b8                _sbrk_r
 .text.__assert_func
                0x080132d8       0x3c /opt/st/stm32cubeide_1.19.0/plugins/com.st.stm32cube.ide.mcu.externaltools.gnu-tools-for-stm32.13.3.rel1.linux64_1.0.0.202410170706/tools/bin/../lib/gcc/arm-none-eabi/13.3.1/../../../../arm-none-eabi/lib/thumb/v7e-m+dp/hard/libc_nano.a(libc_a-assert.o)
                0x080132d8                __assert_func
 .text._calloc_r
                0x08013314       0x28 /opt/st/stm32cubeide_1.19.0/plugins/com.st.stm32cube.ide.mcu.externaltools.gnu-tools-for-stm32.13.3.rel1.linux64_1.0.0.202410170706/tools/bin/../lib/gcc/arm-none-eabi/13.3.1/../../../../arm-none-eabi/lib/thumb/v7e-m+dp/hard/libc_nano.a(libc_a-callocr.o)
                0x08013314                _calloc_r
 .text.__ascii_mbtowc