../Drivers/STM32H7xx_HAL_Driver/Inc/stm32h7xx_ll_tim.h:1523:22:LL_TIM_EnableCounter	16	static
../Drivers/STM32H7xx_HAL_Driver/Inc/stm32h7xx_ll_tim.h:1534:22:LL_TIM_DisableCounter	16	static
../Drivers/STM32H7xx_HAL_Driver/Inc/stm32h7xx_ll_tim.h:2058:22:LL_TIM_CC_EnableChannel	16	static
../Drivers/STM32H7xx_HAL_Driver/Inc/stm32h7xx_ll_tim.h:2087:22:LL_TIM_CC_DisableChannel	16	static
../Core/BUZZER/buzzer.c:26:6:Buzzer_PlayTone	32	static
../Core/BUZZER/buzzer.c:51:6:Buzzer_On	16	static
../Core/BUZZER/buzzer.c:63:6:Buzzer_Off	8	static
../Core/BUZZER/buzzer.c:73:6:StartupTone	24	static
