../Drivers/STM32H7xx_HAL_Driver/Inc/stm32h7xx_ll_tim.h:1523:22:LL_TIM_EnableCounter	1
../Drivers/STM32H7xx_HAL_Driver/Inc/stm32h7xx_ll_tim.h:4566:22:LL_TIM_EnableIT_UPDATE	1
../Drivers/STM32H7xx_HAL_Driver/Inc/stm32h7xx_ll_usart.h:2950:26:LL_USART_IsActiveFlag_FE	2
../Drivers/STM32H7xx_HAL_Driver/Inc/stm32h7xx_ll_usart.h:2972:26:LL_USART_IsActiveFlag_ORE	2
../Drivers/STM32H7xx_HAL_Driver/Inc/stm32h7xx_ll_usart.h:3009:26:LL_USART_IsActiveFlag_TC	2
../Drivers/STM32H7xx_HAL_Driver/Inc/stm32h7xx_ll_usart.h:3024:26:LL_USART_IsActiveFlag_TXE_TXFNF	2
../Drivers/STM32H7xx_HAL_Driver/Inc/stm32h7xx_ll_usart.h:3290:22:LL_USART_ClearFlag_FE	1
../Drivers/STM32H7xx_HAL_Driver/Inc/stm32h7xx_ll_usart.h:3312:22:LL_USART_ClearFlag_ORE	1
../Drivers/STM32H7xx_HAL_Driver/Inc/stm32h7xx_ll_usart.h:3479:22:LL_USART_EnableIT_RXNE_RXFNE	2
../Drivers/STM32H7xx_HAL_Driver/Inc/stm32h7xx_ll_usart.h:4275:22:LL_USART_TransmitData8	1
../Drivers/STM32H7xx_HAL_Driver/Inc/stm32h7xx_ll_gpio.h:942:22:LL_GPIO_TogglePin	1
../Core/Src/main.c:46:5:_write	6
../Core/Src/main.c:130:6:HAL_I2C_MemRxCpltCallback	1
../Core/Src/main.c:134:6:HAL_I2C_ErrorCallback	1
../Core/Src/main.c:144:5:main	46
../Core/Src/main.c:640:6:SystemClock_Config	4
../Core/Src/main.c:696:5:Is_iBus_Throttle_Min	4
../Core/Src/main.c:708:5:Is_iBus_Throttle_Armed	4
../Core/Src/main.c:720:6:ESC_Calibration	1
../Core/Src/main.c:743:5:Is_iBus_Received	3
../Core/Src/main.c:755:6:check_command_timeout	4
../Core/Src/main.c:769:6:MPU_Config	1
../Core/Src/main.c:800:6:Error_Handler	1
