../Drivers/STM32H7xx_HAL_Driver/Inc/stm32h7xx_ll_tim.h:1523:22:LL_TIM_EnableCounter	16	static
../Drivers/STM32H7xx_HAL_Driver/Inc/stm32h7xx_ll_tim.h:4566:22:LL_TIM_EnableIT_UPDATE	16	static
../Drivers/STM32H7xx_HAL_Driver/Inc/stm32h7xx_ll_usart.h:2950:26:LL_USART_IsActiveFlag_FE	16	static
../Drivers/STM32H7xx_HAL_Driver/Inc/stm32h7xx_ll_usart.h:2972:26:LL_USART_IsActiveFlag_ORE	16	static
../Drivers/STM32H7xx_HAL_Driver/Inc/stm32h7xx_ll_usart.h:3009:26:LL_USART_IsActiveFlag_TC	16	static
../Drivers/STM32H7xx_HAL_Driver/Inc/stm32h7xx_ll_usart.h:3024:26:LL_USART_IsActiveFlag_TXE_TXFNF	16	static
../Drivers/STM32H7xx_HAL_Driver/Inc/stm32h7xx_ll_usart.h:3290:22:LL_USART_ClearFlag_FE	16	static
../Drivers/STM32H7xx_HAL_Driver/Inc/stm32h7xx_ll_usart.h:3312:22:LL_USART_ClearFlag_ORE	16	static
../Drivers/STM32H7xx_HAL_Driver/Inc/stm32h7xx_ll_usart.h:3479:22:LL_USART_EnableIT_RXNE_RXFNE	40	static,ignoring_inline_asm
../Drivers/STM32H7xx_HAL_Driver/Inc/stm32h7xx_ll_usart.h:4275:22:LL_USART_TransmitData8	16	static
../Core/Src/main.c:47:5:_write	32	static
../Core/Src/main.c:137:6:HAL_I2C_MemRxCpltCallback	16	static
../Core/Src/main.c:141:6:HAL_I2C_ErrorCallback	16	static
../Core/Src/main.c:151:5:main	400	static
../Core/Src/main.c:661:6:SystemClock_Config	120	static
../Core/Src/main.c:717:5:Is_iBus_Throttle_Min	8	static
../Core/Src/main.c:729:5:Is_iBus_Throttle_Armed	8	static
../Core/Src/main.c:741:6:ESC_Calibration	8	static
../Core/Src/main.c:764:5:Is_iBus_Received	8	static
../Core/Src/main.c:776:6:check_command_timeout	8	static
../Core/Src/main.c:790:6:MPU_Config	24	static
../Core/Src/main.c:821:6:Error_Handler	4	static,ignoring_inline_asm
