../Drivers/STM32H7xx_HAL_Driver/Inc/stm32h7xx_ll_spi.h:555:22:LL_SPI_Enable	16	static
../Drivers/STM32H7xx_HAL_Driver/Inc/stm32h7xx_ll_spi.h:567:22:LL_SPI_Disable	16	static
../Drivers/STM32H7xx_HAL_Driver/Inc/stm32h7xx_ll_spi.h:663:22:LL_SPI_SetMode	16	static
../Drivers/STM32H7xx_HAL_Driver/Inc/stm32h7xx_ll_spi.h:997:22:LL_SPI_StartMasterTransfer	16	static
../Drivers/STM32H7xx_HAL_Driver/Inc/stm32h7xx_ll_spi.h:1145:22:LL_SPI_SetClockPhase	16	static
../Drivers/STM32H7xx_HAL_Driver/Inc/stm32h7xx_ll_spi.h:1174:22:LL_SPI_SetClockPolarity	16	static
../Drivers/STM32H7xx_HAL_Driver/Inc/stm32h7xx_ll_spi.h:1238:22:LL_SPI_SetBaudRatePrescaler	16	static
../Drivers/STM32H7xx_HAL_Driver/Inc/stm32h7xx_ll_spi.h:1273:22:LL_SPI_SetTransferBitOrder	16	static
../Drivers/STM32H7xx_HAL_Driver/Inc/stm32h7xx_ll_spi.h:1306:22:LL_SPI_SetTransferDirection	16	static
../Drivers/STM32H7xx_HAL_Driver/Inc/stm32h7xx_ll_spi.h:1397:22:LL_SPI_SetDataWidth	16	static
../Drivers/STM32H7xx_HAL_Driver/Inc/stm32h7xx_ll_spi.h:1466:22:LL_SPI_SetFIFOThreshold	16	static
../Drivers/STM32H7xx_HAL_Driver/Inc/stm32h7xx_ll_spi.h:1627:22:LL_SPI_SetNSSMode	16	static
../Drivers/STM32H7xx_HAL_Driver/Inc/stm32h7xx_ll_spi.h:1698:26:LL_SPI_IsActiveFlag_RXP	16	static
../Drivers/STM32H7xx_HAL_Driver/Inc/stm32h7xx_ll_spi.h:1709:26:LL_SPI_IsActiveFlag_TXP	16	static
../Drivers/STM32H7xx_HAL_Driver/Inc/stm32h7xx_ll_spi.h:2450:25:LL_SPI_ReceiveData8	16	static
../Drivers/STM32H7xx_HAL_Driver/Inc/stm32h7xx_ll_spi.h:2489:22:LL_SPI_TransmitData8	16	static
../Drivers/STM32H7xx_HAL_Driver/Inc/stm32h7xx_ll_bus.h:1384:22:LL_AHB4_GRP1_EnableClock	24	static
../Drivers/STM32H7xx_HAL_Driver/Inc/stm32h7xx_ll_bus.h:1862:22:LL_APB1_GRP1_EnableClock	24	static
../Drivers/STM32H7xx_HAL_Driver/Inc/stm32h7xx_ll_gpio.h:803:26:LL_GPIO_IsInputPinSet	16	static
../Drivers/STM32H7xx_HAL_Driver/Inc/stm32h7xx_ll_gpio.h:884:22:LL_GPIO_SetOutputPin	16	static
../Drivers/STM32H7xx_HAL_Driver/Inc/stm32h7xx_ll_gpio.h:913:22:LL_GPIO_ResetOutputPin	16	static
../Core/IMU/ICM42688P/icm42688p.c:14:9:clamp12	16	static
../Core/IMU/ICM42688P/icm42688p.c:20:6:ICM42688P_GPIO_SPI_Initialization	72	static
../Core/IMU/ICM42688P/icm42688p.c:95:6:ICM42688P_SelectBank	16	static
../Core/IMU/ICM42688P/icm42688p.c:102:9:SPI3_SendByte	16	static
../Core/IMU/ICM42688P/icm42688p.c:120:9:ICM42688P_ReadByte	24	static
../Core/IMU/ICM42688P/icm42688p.c:133:6:ICM42688P_ReadBytes	32	static
../Core/IMU/ICM42688P/icm42688p.c:146:6:ICM42688P_WriteByte	16	static
../Core/IMU/ICM42688P/icm42688p.c:154:6:ICM20602_Writebytes	24	static
../Core/IMU/ICM42688P/icm42688p.c:166:5:ICM42688P_Initialization	24	static
../Core/IMU/ICM42688P/icm42688p.c:255:6:ICM42688P_Get6AxisRawData	32	static
../Core/IMU/ICM42688P/icm42688p.c:269:6:ICM42688P_Get3AxisGyroRawData	24	static
../Core/IMU/ICM42688P/icm42688p.c:279:6:ICM42688P_Get3AxisAccRawData	24	static
../Core/IMU/ICM42688P/icm42688p.c:289:5:ICM42688P_DataReady	8	static
../Core/IMU/ICM42688P/icm42688p.c:301:7:ICM42688P_GyroRawToDPS	16	static
../Core/IMU/ICM42688P/icm42688p.c:308:7:ICM42688P_AccelRawToG	16	static
../Core/IMU/ICM42688P/icm42688p.c:315:7:ICM42688P_TempRawToCelsius	16	static
../Core/IMU/ICM42688P/icm42688p.c:322:7:ICM42688P_GyroRawToRadPerSec	16	static
../Core/IMU/ICM42688P/icm42688p.c:330:9:ICM42688P_GetTemperatureRaw	16	static
../Core/IMU/ICM42688P/icm42688p.c:373:6:ICM42688P_UpdateAllData_Radians	24	static
../Core/IMU/ICM42688P/icm42688p.c:404:6:ICM42688P_CalibrateGyro	56	static
../Core/IMU/ICM42688P/icm42688p.c:431:6:ICM42688P_UpdateAllData	24	static
../Core/IMU/ICM42688P/icm42688p.c:461:6:ICM42688P_CalibrateGyroToRegisters	48	static
../Core/IMU/ICM42688P/icm42688p.c:502:5:ICM42688P_WriteHWOffsets	40	static
../Core/IMU/ICM42688P/icm42688p.c:582:5:ICM42688P_CalibrateAndWriteOffsets	128	static
../Core/IMU/ICM42688P/icm42688p.c:687:5:ICM42688P_ApplyHardcodedGyroOffsets	48	static
../Core/IMU/ICM42688P/icm42688p.c:779:5:ICM42688P_CalibrateGyroRawOffsets	72	static
